Component: ARM Compiler 5.06 update 7 (build 960) Tool: armlink [4d3601]

==============================================================================

Section Cross References

    startup_stm32h743xx.o(STACK) refers (Special) to heapauxi.o(.text) for __use_two_region_memory
    startup_stm32h743xx.o(HEAP) refers (Special) to heapauxi.o(.text) for __use_two_region_memory
    startup_stm32h743xx.o(RESET) refers (Special) to heapauxi.o(.text) for __use_two_region_memory
    startup_stm32h743xx.o(RESET) refers to startup_stm32h743xx.o(STACK) for __initial_sp
    startup_stm32h743xx.o(RESET) refers to startup_stm32h743xx.o(.text) for Reset_Handler
    startup_stm32h743xx.o(RESET) refers to stm32h7xx_it.o(i.NMI_Handler) for NMI_Handler
    startup_stm32h743xx.o(RESET) refers to stm32h7xx_it.o(i.HardFault_Handler) for HardFault_Handler
    startup_stm32h743xx.o(RESET) refers to stm32h7xx_it.o(i.MemManage_Handler) for MemManage_Handler
    startup_stm32h743xx.o(RESET) refers to stm32h7xx_it.o(i.BusFault_Handler) for BusFault_Handler
    startup_stm32h743xx.o(RESET) refers to stm32h7xx_it.o(i.UsageFault_Handler) for UsageFault_Handler
    startup_stm32h743xx.o(RESET) refers to port.o(.emb_text) for SVC_Handler
    startup_stm32h743xx.o(RESET) refers to stm32h7xx_it.o(i.DebugMon_Handler) for DebugMon_Handler
    startup_stm32h743xx.o(RESET) refers to cmsis_os2.o(i.SysTick_Handler) for SysTick_Handler
    startup_stm32h743xx.o(RESET) refers to stm32h7xx_it.o(i.DMA1_Stream0_IRQHandler) for DMA1_Stream0_IRQHandler
    startup_stm32h743xx.o(RESET) refers to stm32h7xx_it.o(i.USART1_IRQHandler) for USART1_IRQHandler
    startup_stm32h743xx.o(RESET) refers to stm32h7xx_it.o(i.OTG_HS_IRQHandler) for OTG_HS_IRQHandler
    startup_stm32h743xx.o(RESET) refers to stm32h7xx_it.o(i.DCMI_IRQHandler) for DCMI_IRQHandler
    startup_stm32h743xx.o(RESET) refers to stm32h7xx_it.o(i.TIM17_IRQHandler) for TIM17_IRQHandler
    startup_stm32h743xx.o(.text) refers (Special) to heapauxi.o(.text) for __use_two_region_memory
    startup_stm32h743xx.o(.text) refers to system_stm32h7xx.o(i.SystemInit) for SystemInit
    startup_stm32h743xx.o(.text) refers to __main.o(!!!main) for __main
    startup_stm32h743xx.o(.text) refers to startup_stm32h743xx.o(HEAP) for Heap_Mem
    startup_stm32h743xx.o(.text) refers to startup_stm32h743xx.o(STACK) for Stack_Mem
    main.o(i.HAL_TIM_PeriodElapsedCallback) refers to stm32h7xx_hal.o(i.HAL_IncTick) for HAL_IncTick
    main.o(i.MPU_Config) refers to stm32h7xx_hal_cortex.o(i.HAL_MPU_Disable) for HAL_MPU_Disable
    main.o(i.MPU_Config) refers to stm32h7xx_hal_cortex.o(i.HAL_MPU_ConfigRegion) for HAL_MPU_ConfigRegion
    main.o(i.MPU_Config) refers to stm32h7xx_hal_cortex.o(i.HAL_MPU_Enable) for HAL_MPU_Enable
    main.o(i.SystemClock_Config) refers to rt_memclr_w.o(.text) for __aeabi_memclr4
    main.o(i.SystemClock_Config) refers to stm32h7xx_hal_pwr_ex.o(i.HAL_PWREx_ConfigSupply) for HAL_PWREx_ConfigSupply
    main.o(i.SystemClock_Config) refers to stm32h7xx_hal_rcc.o(i.HAL_RCC_OscConfig) for HAL_RCC_OscConfig
    main.o(i.SystemClock_Config) refers to main.o(i.Error_Handler) for Error_Handler
    main.o(i.SystemClock_Config) refers to stm32h7xx_hal_rcc.o(i.HAL_RCC_ClockConfig) for HAL_RCC_ClockConfig
    main.o(i.main) refers to stm32h7xx_hal.o(i.HAL_Init) for HAL_Init
    main.o(i.main) refers to main.o(i.MPU_Config) for MPU_Config
    main.o(i.main) refers to main.o(i.SystemClock_Config) for SystemClock_Config
    main.o(i.main) refers to gpio.o(i.MX_GPIO_Init) for MX_GPIO_Init
    main.o(i.main) refers to dma.o(i.MX_DMA_Init) for MX_DMA_Init
    main.o(i.main) refers to fmc.o(i.MX_FMC_Init) for MX_FMC_Init
    main.o(i.main) refers to dcmi.o(i.MX_DCMI_Init) for MX_DCMI_Init
    main.o(i.main) refers to usart.o(i.MX_USART1_UART_Init) for MX_USART1_UART_Init
    main.o(i.main) refers to tim.o(i.MX_TIM2_Init) for MX_TIM2_Init
    main.o(i.main) refers to stm32h7xx_hal_rcc.o(i.HAL_RCC_GetSysClockFreq) for HAL_RCC_GetSysClockFreq
    main.o(i.main) refers to flash.o(i.bsp_ReadCpuFlash) for bsp_ReadCpuFlash
    main.o(i.main) refers to stm32h7xx_hal_uart.o(i.HAL_UART_Receive_IT) for HAL_UART_Receive_IT
    main.o(i.main) refers to ov2640.o(i.OV2640_Init) for OV2640_Init
    main.o(i.main) refers to stm32h7xx_hal_tim.o(i.HAL_TIM_PWM_Start) for HAL_TIM_PWM_Start
    main.o(i.main) refers to cmsis_os2.o(i.osKernelInitialize) for osKernelInitialize
    main.o(i.main) refers to freertos.o(i.MX_FREERTOS_Init) for MX_FREERTOS_Init
    main.o(i.main) refers to cmsis_os2.o(i.osKernelStart) for osKernelStart
    main.o(i.main) refers to main.o(.data) for sysclock
    main.o(i.main) refers to main.o(.bss) for deviceAttributeInfo
    main.o(i.main) refers to usart.o(.data) for uartTempData
    main.o(i.main) refers to usart.o(.bss) for huart1
    main.o(i.main) refers to tim.o(.bss) for htim2
[...]
    USB_DisableGlobalInt                     0x0800dc45   Thumb Code    14  stm32h7xx_ll_usb.o(i.USB_DisableGlobalInt)
    USB_EP0_OutStart                         0x0800dc55   Thumb Code   106  stm32h7xx_ll_usb.o(i.USB_EP0_OutStart)
    USB_EPClearStall                         0x0800dcc5   Thumb Code   142  stm32h7xx_ll_usb.o(i.USB_EPClearStall)
    USB_EPSetStall                           0x0800dd53   Thumb Code   154  stm32h7xx_ll_usb.o(i.USB_EPSetStall)
    USB_EPStartXfer                          0x0800dded   Thumb Code   944  stm32h7xx_ll_usb.o(i.USB_EPStartXfer)
    USB_EPStopXfer                           0x0800e1a1   Thumb Code   236  stm32h7xx_ll_usb.o(i.USB_EPStopXfer)
    USB_EnableGlobalInt                      0x0800e28d   Thumb Code    14  stm32h7xx_ll_usb.o(i.USB_EnableGlobalInt)
    USB_FlushRxFifo                          0x0800e29d   Thumb Code    80  stm32h7xx_ll_usb.o(i.USB_FlushRxFifo)
    USB_FlushTxFifo                          0x0800e2f1   Thumb Code    84  stm32h7xx_ll_usb.o(i.USB_FlushTxFifo)
    USB_GetDevSpeed                          0x0800e349   Thumb Code    38  stm32h7xx_ll_usb.o(i.USB_GetDevSpeed)
    USB_GetMode                              0x0800e36f   Thumb Code    10  stm32h7xx_ll_usb.o(i.USB_GetMode)
    USB_ReadDevAllInEpInterrupt              0x0800e379   Thumb Code    20  stm32h7xx_ll_usb.o(i.USB_ReadDevAllInEpInterrupt)
    USB_ReadDevAllOutEpInterrupt             0x0800e38d   Thumb Code    20  stm32h7xx_ll_usb.o(i.USB_ReadDevAllOutEpInterrupt)
    USB_ReadDevInEPInterrupt                 0x0800e3a1   Thumb Code    50  stm32h7xx_ll_usb.o(i.USB_ReadDevInEPInterrupt)
    USB_ReadDevOutEPInterrupt                0x0800e3d3   Thumb Code    26  stm32h7xx_ll_usb.o(i.USB_ReadDevOutEPInterrupt)
    USB_ReadInterrupts                       0x0800e3ed   Thumb Code    10  stm32h7xx_ll_usb.o(i.USB_ReadInterrupts)
    USB_ReadPacket                           0x0800e3f7   Thumb Code    96  stm32h7xx_ll_usb.o(i.USB_ReadPacket)
    USB_SetCurrentMode                       0x0800e457   Thumb Code   104  stm32h7xx_ll_usb.o(i.USB_SetCurrentMode)
    USB_SetDevAddress                        0x0800e4bf   Thumb Code    42  stm32h7xx_ll_usb.o(i.USB_SetDevAddress)
    USB_SetDevSpeed                          0x0800e4e9   Thumb Code    18  stm32h7xx_ll_usb.o(i.USB_SetDevSpeed)
    USB_SetTurnaroundTime                    0x0800e4fd   Thumb Code   192  stm32h7xx_ll_usb.o(i.USB_SetTurnaroundTime)
    USB_WritePacket                          0x0800e5e5   Thumb Code    68  stm32h7xx_ll_usb.o(i.USB_WritePacket)
    UsageFault_Handler                       0x0800e629   Thumb Code     4  stm32h7xx_it.o(i.UsageFault_Handler)
    WriteBytes                               0x0800e62d   Thumb Code    42  ringbuffer.o(i.WriteBytes)
    WriteOneByte_RingBuffer                  0x0800e657   Thumb Code    48  ringbuffer.o(i.WriteOneByte_RingBuffer)
    _is_digit                                0x0800e6c7   Thumb Code    14  __printf_wp.o(i._is_digit)
    air724Init                               0x0800e6d5   Thumb Code  1780  air724.o(i.air724Init)
    bsp_CmpCpuFlash                          0x0800f021   Thumb Code    68  flash.o(i.bsp_CmpCpuFlash)
    bsp_EraseCpuFlash                        0x0800f065   Thumb Code    76  flash.o(i.bsp_EraseCpuFlash)
    bsp_GetSector                            0x0800f0b1   Thumb Code   232  flash.o(i.bsp_GetSector)
    bsp_ReadCpuFlash                         0x0800f1d5   Thumb Code    44  flash.o(i.bsp_ReadCpuFlash)
    bsp_WriteCpuFlash                        0x0800f201   Thumb Code   192  flash.o(i.bsp_WriteCpuFlash)
    main                                     0x0800f2e1   Thumb Code   402  main.o(i.main)
    osDelay                                  0x0800f495   Thumb Code    30  cmsis_os2.o(i.osDelay)
    osKernelInitialize                       0x0800f4b5   Thumb Code    38  cmsis_os2.o(i.osKernelInitialize)
    osKernelStart                            0x0800f4e1   Thumb Code    82  cmsis_os2.o(i.osKernelStart)
    osThreadNew                              0x0800f541   Thumb Code   184  cmsis_os2.o(i.osThreadNew)
    pvPortMalloc                             0x08010319   Thumb Code   306  heap_4.o(i.pvPortMalloc)
    pxPortInitialiseStack                    0x08010465   Thumb Code    38  port.o(i.pxPortInitialiseStack)
    uxListRemove                             0x0801082f   Thumb Code    40  list.o(i.uxListRemove)
    vApplicationGetIdleTaskMemory            0x08010859   Thumb Code    14  cmsis_os2.o(i.vApplicationGetIdleTaskMemory)
    vApplicationGetTimerTaskMemory           0x08010871   Thumb Code    16  cmsis_os2.o(i.vApplicationGetTimerTaskMemory)
    vListInitialise                          0x08010889   Thumb Code    26  list.o(i.vListInitialise)
    vListInitialiseItem                      0x080108a3   Thumb Code     6  list.o(i.vListInitialiseItem)
    vListInsert                              0x080108a9   Thumb Code    52  list.o(i.vListInsert)
    vListInsertEnd                           0x080108dd   Thumb Code    24  list.o(i.vListInsertEnd)
    vPortEnterCritical                       0x080108f5   Thumb Code    76  port.o(i.vPortEnterCritical)
    vPortExitCritical                        0x08010949   Thumb Code    56  port.o(i.vPortExitCritical)
    vPortFree                                0x08010985   Thumb Code   150  heap_4.o(i.vPortFree)
    vPortSetupTimerInterrupt                 0x08010a29   Thumb Code    36  port.o(i.vPortSetupTimerInterrupt)
    vPortValidateInterruptPriority           0x08010a51   Thumb Code   106  port.o(i.vPortValidateInterruptPriority)
    vQueueAddToRegistry                      0x08010ac9   Thumb Code    38  queue.o(i.vQueueAddToRegistry)
    vQueueWaitForMessageRestricted           0x08010af5   Thumb Code    74  queue.o(i.vQueueWaitForMessageRestricted)
    vTaskDelay                               0x08010b41   Thumb Code    82  tasks.o(i.vTaskDelay)
    vTaskInternalSetTimeOutState             0x08010b9d   Thumb Code    14  tasks.o(i.vTaskInternalSetTimeOutState)
    vTaskMissedYield                         0x08010bb5   Thumb Code     8  tasks.o(i.vTaskMissedYield)
    vTaskPlaceOnEventList                    0x08010bc1   Thumb Code    52  tasks.o(i.vTaskPlaceOnEventList)
    vTaskPlaceOnEventListRestricted          0x08010bf9   Thumb Code    60  tasks.o(i.vTaskPlaceOnEventListRestricted)
    vTaskStartScheduler                      0x08010c39   Thumb Code   156  tasks.o(i.vTaskStartScheduler)
    vTaskSuspendAll                          0x08010cf1   Thumb Code    12  tasks.o(i.vTaskSuspendAll)
    vTaskSwitchContext                       0x08010d01   Thumb Code   122  tasks.o(i.vTaskSwitchContext)
    xPortGetFreeHeapSize                     0x08011029   Thumb Code     6  heap_4.o(i.xPortGetFreeHeapSize)
    xPortStartScheduler                      0x08011035   Thumb Code   330  port.o(i.xPortStartScheduler)
    xPortSysTickHandler                      0x0801119d   Thumb Code    46  port.o(i.xPortSysTickHandler)
    xQueueGenericCreateStatic                0x080111d1   Thumb Code   224  queue.o(i.xQueueGenericCreateStatic)
    xQueueGenericReset                       0x080112b1   Thumb Code   146  queue.o(i.xQueueGenericReset)
    xQueueGenericSend                        0x08011349   Thumb Code   420  queue.o(i.xQueueGenericSend)
    xQueueGenericSendFromISR                 0x080114f1   Thumb Code   252  queue.o(i.xQueueGenericSendFromISR)
    xQueueReceive                            0x080115ed   Thumb Code   356  queue.o(i.xQueueReceive)
    xTaskCheckForTimeOut                     0x08011755   Thumb Code   132  tasks.o(i.xTaskCheckForTimeOut)
    xTaskCreate                              0x080117e1   Thumb Code   100  tasks.o(i.xTaskCreate)
    xTaskCreateStatic                        0x08011845   Thumb Code   186  tasks.o(i.xTaskCreateStatic)
    xTaskGetSchedulerState                   0x08011901   Thumb Code    24  tasks.o(i.xTaskGetSchedulerState)
    xTaskGetTickCount                        0x08011921   Thumb Code     6  tasks.o(i.xTaskGetTickCount)
    xTaskIncrementTick                       0x0801192d   Thumb Code   280  tasks.o(i.xTaskIncrementTick)
    xTaskPriorityDisinherit                  0x08011a71   Thumb Code   152  tasks.o(i.xTaskPriorityDisinherit)
    xTaskRemoveFromEventList                 0x08011b15   Thumb Code   126  tasks.o(i.xTaskRemoveFromEventList)
    xTaskResumeAll                           0x08011bad   Thumb Code   222  tasks.o(i.xTaskResumeAll)
    xTimerCreateTimerTask                    0x08011cb1   Thumb Code   100  timers.o(i.xTimerCreateTimerTask)
    xTimerGenericCommand                     0x08011d29   Thumb Code   128  timers.o(i.xTimerGenericCommand)
    _get_lc_ctype                            0x08011dad   Thumb Code    44  lc_ctype_c.o(locale$$code)
    _fp_init                                 0x08011dd9   Thumb Code    10  fpinit.o(x$fpl$fpinit)
    __fplib_config_fpu_vfp                   0x08011de1   Thumb Code     0  fpinit.o(x$fpl$fpinit)
    __fplib_config_pureend_doubles           0x08011de1   Thumb Code     0  fpinit.o(x$fpl$fpinit)
    defaultTask_attributes                   0x08011de4   Data          36  freertos.o(.constdata)
    cmdAnalysis_attributes                   0x08011e08   Data          36  freertos.o(.constdata)
    sendDataTask_attributes                  0x08011e2c   Data          36  freertos.o(.constdata)
    ledTask_attributes                       0x08011e50   Data          36  freertos.o(.constdata)
    motoTask_attributes                      0x08011e74   Data          36  freertos.o(.constdata)
    UARTPrescTable                           0x08011ea0   Data          24  stm32h7xx_hal_uart.o(.constdata)
    D1CorePrescTable                         0x08011ec8   Data          16  system_stm32h7xx.o(.constdata)
    ov2640_uxga_init_reg_tbl                 0x08011ed8   Data         356  ov2640.o(.constdata)
    ov2640_svga_init_reg_tbl                 0x0801203c   Data         354  ov2640.o(.constdata)
    ov2640_rgb565_reg_tbl                    0x0801219e   Data          14  ov2640.o(.constdata)
    ov2640_yuv422_reg_tbl                    0x080121d4   Data          16  ov2640.o(.constdata)
    ov2640_jpeg_reg_tbl                      0x080121e4   Data          14  ov2640.o(.constdata)
    Region$$Table$$Base                      0x08012240   Number         0  anon$$obj.o(Region$$Table)
    Region$$Table$$Limit                     0x08012260   Number         0  anon$$obj.o(Region$$Table)
    __ctype                                  0x0801226d   Data           0  lc_ctype_c.o(locale$$data)
    para_flash_area                          0x080c0000   Data       131072  flash.o(.ARM.__AT_0x080C0000)
    SysClockFreq                             0x20000000   Data           4  main.o(.data)
    DMA_END_FLAG                             0x20000004   Data           1  main.o(.data)
    picStart                                 0x20000008   Data           4  main.o(.data)
    jpeg_data_len                            0x2000000c   Data           4  main.o(.data)
    jpeg_data_ok                             0x20000010   Data           1  main.o(.data)
    dcmi_dma_status                          0x20000014   Data           4  main.o(.data)
    DCMI_RN                                  0x20000018   Data           4  main.o(.data)
    DCMI_CN                                  0x2000001c   Data           4  main.o(.data)
    DCMI_RS                                  0x20000020   Data           4  main.o(.data)
    DCMI_CS                                  0x20000024   Data           4  main.o(.data)
    pictureLength                            0x20000028   Data           4  main.o(.data)
    P                                        0x2000002c   Data           4  main.o(.data)
    startPlace                               0x20000030   Data           4  main.o(.data)
    endPlace                                 0x20000034   Data           4  main.o(.data)
    sysclock                                 0x20000038   Data           4  main.o(.data)
    state                                    0x2000003c   Data           1  main.o(.data)
    p                                        0x20000040   Data           4  main.o(.data)
    i                                        0x20000044   Data           4  main.o(.data)
    jpgstart                                 0x20000048   Data           4  main.o(.data)
    jpglen                                   0x2000004c   Data           4  main.o(.data)
    headok                                   0x20000050   Data           1  main.o(.data)
    sendRgbPicData                           0x20000051   Data           1  main.o(.data)
    dataPtr                                  0x20000054   Data           4  main.o(.data)
    air724InitOk                             0x20000058   Data           1  freertos.o(.data)
    getTackPictureFlag                       0x20000059   Data           1  freertos.o(.data)
    takePictureFlag                          0x2000005a   Data           1  freertos.o(.data)
    openMotoFlag                             0x2000005b   Data           1  freertos.o(.data)
    lastSec                                  0x2000005c   Data           4  freertos.o(.data)
    anlysis                                  0x20000060   Data           1  freertos.o(.data)
    defaultTaskHandle                        0x20000064   Data           4  freertos.o(.data)
    cmdAnalysisHandle                        0x20000068   Data           4  freertos.o(.data)
    sendDataTaskHandle                       0x2000006c   Data           4  freertos.o(.data)
    ledTaskHandle                            0x20000070   Data           4  freertos.o(.data)
    motoTaskHandle                           0x20000074   Data           4  freertos.o(.data)
    uartTempData                             0x20000084   Data           1  usart.o(.data)
    uwTick                                   0x20000088   Data           4  stm32h7xx_hal.o(.data)
    uwTickPrio                               0x2000008c   Data           4  stm32h7xx_hal.o(.data)
    uwTickFreq                               0x20000090   Data           1  stm32h7xx_hal.o(.data)
    SystemCoreClock                          0x20000094   Data           4  system_stm32h7xx.o(.data)
    SystemD2Clock                            0x20000098   Data           4  system_stm32h7xx.o(.data)
    HS_Desc                                  0x2000009c   Data          32  usbd_desc.o(.data)
    USBD_HS_DeviceDesc                       0x200000bc   Data          18  usbd_desc.o(.data)
    USBD_HS_BOSDesc                          0x200000d0   Data          12  usbd_desc.o(.data)
    USBD_LangIDDesc                          0x200000dc   Data           4  usbd_desc.o(.data)
    USBD_StringSerial                        0x200000e0   Data          26  usbd_desc.o(.data)
    USBD_Interface_fops_HS                   0x200000fc   Data          20  usbd_cdc_if.o(.data)
    USBD_CDC                                 0x20000120   Data          56  usbd_cdc.o(.data)
    pxCurrentTCB                             0x200001a0   Data           4  tasks.o(.data)
    Tickdelay                                0x20000220   Data           4  ov2640.o(.data)
    getPicture                               0x20000224   Data           1  ov2640.o(.data)
    deviceAttributeInfo                      0x2000022c   Data         516  main.o(.bss)
    hdcmi                                    0x20000430   Data          80  dcmi.o(.bss)
    hdma_dcmi                                0x20000480   Data         120  dcmi.o(.bss)
    hsdram1                                  0x200004f8   Data          52  fmc.o(.bss)
    htim2                                    0x2000052c   Data          76  tim.o(.bss)
    huart1                                   0x20000578   Data         148  usart.o(.bss)
    htim17                                   0x2000060c   Data          76  stm32h7xx_hal_timebase_tim.o(.bss)
    pFlash                                   0x20000658   Data          28  stm32h7xx_hal_flash.o(.bss)
    hUsbDeviceHS                             0x20000674   Data         732  usb_device.o(.bss)
    USBD_StrDesc                             0x20000950   Data         512  usbd_desc.o(.bss)
    UserRxBufferHS                           0x20000b50   Data        2048  usbd_cdc_if.o(.bss)
    UserTxBufferHS                           0x20001350   Data        2048  usbd_cdc_if.o(.bss)
    hpcd_USB_OTG_HS                          0x20001b50   Data        1292  usbd_conf.o(.bss)
    xQueueRegistry                           0x2000227c   Data          64  queue.o(.bss)
    air724Struct                             0x20006b50   Data        1036  air724.o(.bss)
    UART_RxRingBuffer                        0x20006f5c   Data        1030  ringbuffer.o(.bss)
    VCP_RxRingBuffer                         0x20007362   Data        1030  ringbuffer.o(.bss)
    __libspace_start                         0x20007768   Data          96  libspace.o(.bss)
    __temporary_stack_top$libspace           0x200077c8   Data           0  libspace.o(.bss)
    dcmi_data_buff                           0x24000000   Data       524288  main.o(.ARM.__AT_0x24000000)
    temp                                     0xc0000000   Data          10  main.o(.ARM.__AT_0xC0000000)



==============================================================================

Memory Map of the image

  Image Entry point : 0x08000299

  Load Region LR_IROM1 (Base: 0x08000000, Size: 0x0001259c, Max: 0x00200000, ABSOLUTE, COMPRESSED[0x00012438])

    Execution Region ER_IROM1 (Exec base: 0x08000000, Load base: 0x08000000, Size: 0x00012370, Max: 0x00200000, ABSOLUTE)

    Exec Addr    Load Addr    Size         Type   Attr      Idx    E Section Name        Object

    0x08000000   0x08000000   0x00000298   Data   RO            3    RESET               startup_stm32h743xx.o
    0x08000298   0x08000298   0x00000008   Code   RO         9148  * !!!main             c_w.l(__main.o)
    0x080002a0   0x080002a0   0x00000034   Code   RO         9351    !!!scatter          c_w.l(__scatter.o)
    0x080002d4   0x080002d4   0x0000005a   Code   RO         9349    !!dczerorl2         c_w.l(__dczerorl2.o)
    0x0800032e   0x0800032e   0x00000002   PAD
    0x08000330   0x08000330   0x0000001c   Code   RO         9353    !!handler_zi        c_w.l(__scatter_zi.o)
    0x0800034c   0x0800034c   0x00000000   Code   RO         9125    .ARM.Collect$$_printf_percent$$00000000  c_w.l(_printf_percent.o)
    0x0800034c   0x0800034c   0x00000006   Code   RO         9124    .ARM.Collect$$_printf_percent$$00000009  c_w.l(_printf_d.o)
    0x08000352   0x08000352   0x00000006   Code   RO         9123    .ARM.Collect$$_printf_percent$$00000014  c_w.l(_printf_s.o)
    0x08000358   0x08000358   0x00000004   Code   RO         9171    .ARM.Collect$$_printf_percent$$00000017  c_w.l(_printf_percent_end.o)
    0x0800035c   0x0800035c   0x00000002   Code   RO         9223    .ARM.Collect$$libinit$$00000000  c_w.l(libinit.o)
    0x0800035e   0x0800035e   0x00000004   Code   RO         9232    .ARM.Collect$$libinit$$00000001  c_w.l(libinit2.o)
    0x08000362   0x08000362   0x00000000   Code   RO         9235    .ARM.Collect$$libinit$$00000004  c_w.l(libinit2.o)
    0x08000362   0x08000362   0x00000000   Code   RO         9238    .ARM.Collect$$libinit$$0000000A  c_w.l(libinit2.o)
    0x08000362   0x08000362   0x00000000   Code   RO         9240    .ARM.Collect$$libinit$$0000000C  c_w.l(libinit2.o)
    0x08000362   0x08000362   0x00000000   Code   RO         9242    .ARM.Collect$$libinit$$0000000E  c_w.l(libinit2.o)
    0x08000362   0x08000362   0x00000006   Code   RO         9243    .ARM.Collect$$libinit$$0000000F  c_w.l(libinit2.o)
    0x08000368   0x08000368   0x00000000   Code   RO         9245    .ARM.Collect$$libinit$$00000011  c_w.l(libinit2.o)
    0x08000368   0x08000368   0x0000000c   Code   RO         9246    .ARM.Collect$$libinit$$00000012  c_w.l(libinit2.o)
    0x08000374   0x08000374   0x00000000   Code   RO         9247    .ARM.Collect$$libinit$$00000013  c_w.l(libinit2.o)
    0x08000374   0x08000374   0x00000000   Code   RO         9249    .ARM.Collect$$libinit$$00000015  c_w.l(libinit2.o)
    0x08000374   0x08000374   0x00000000   Code   RO         9251    .ARM.Collect$$libinit$$00000017  c_w.l(libinit2.o)
    0x08000374   0x08000374   0x00000000   Code   RO         9253    .ARM.Collect$$libinit$$00000019  c_w.l(libinit2.o)
    0x08000374   0x08000374   0x00000000   Code   RO         9255    .ARM.Collect$$libinit$$0000001B  c_w.l(libinit2.o)
    0x08000374   0x08000374   0x00000000   Code   RO         9257    .ARM.Collect$$libinit$$0000001D  c_w.l(libinit2.o)
    0x08000374   0x08000374   0x00000000   Code   RO         9259    .ARM.Collect$$libinit$$0000001F  c_w.l(libinit2.o)
    0x08000374   0x08000374   0x00000000   Code   RO         9261    .ARM.Collect$$libinit$$00000021  c_w.l(libinit2.o)
    0x08000374   0x08000374   0x00000000   Code   RO         9263    .ARM.Collect$$libinit$$00000023  c_w.l(libinit2.o)
    0x08000374   0x08000374   0x00000000   Code   RO         9265    .ARM.Collect$$libinit$$00000025  c_w.l(libinit2.o)
    0x08000374   0x08000374   0x00000000   Code   RO         9269    .ARM.Collect$$libinit$$0000002C  c_w.l(libinit2.o)
    0x08000374   0x08000374   0x00000000   Code   RO         9271    .ARM.Collect$$libinit$$0000002E  c_w.l(libinit2.o)
    0x08000374   0x08000374   0x00000000   Code   RO         9273    .ARM.Collect$$libinit$$00000030  c_w.l(libinit2.o)
    0x08000374   0x08000374   0x00000000   Code   RO         9275    .ARM.Collect$$libinit$$00000032  c_w.l(libinit2.o)
    0x08000374   0x08000374   0x00000002   Code   RO         9276    .ARM.Collect$$libinit$$00000033  c_w.l(libinit2.o)
    0x08000376   0x08000376   0x00000002   Code   RO         9304    .ARM.Collect$$libshutdown$$00000000  c_w.l(libshutdown.o)
    0x08000378   0x08000378   0x00000000   Code   RO         9330    .ARM.Collect$$libshutdown$$00000002  c_w.l(libshutdown2.o)
    0x08000378   0x08000378   0x00000000   Code   RO         9332    .ARM.Collect$$libshutdown$$00000004  c_w.l(libshutdown2.o)
    0x08000378   0x08000378   0x00000000   Code   RO         9334    .ARM.Collect$$libshutdown$$00000006  c_w.l(libshutdown2.o)
    0x08000378   0x08000378   0x00000000   Code   RO         9337    .ARM.Collect$$libshutdown$$00000009  c_w.l(libshutdown2.o)
    0x08000378   0x08000378   0x00000000   Code   RO         9340    .ARM.Collect$$libshutdown$$0000000C  c_w.l(libshutdown2.o)
    0x08000378   0x08000378   0x00000000   Code   RO         9342    .ARM.Collect$$libshutdown$$0000000E  c_w.l(libshutdown2.o)
    0x08000378   0x08000378   0x00000000   Code   RO         9345    .ARM.Collect$$libshutdown$$00000011  c_w.l(libshutdown2.o)
    0x08000378   0x08000378   0x00000002   Code   RO         9346    .ARM.Collect$$libshutdown$$00000012  c_w.l(libshutdown2.o)
    0x0800037a   0x0800037a   0x00000000   Code   RO         9153    .ARM.Collect$$rtentry$$00000000  c_w.l(__rtentry.o)
    0x0800037a   0x0800037a   0x00000000   Code   RO         9178    .ARM.Collect$$rtentry$$00000002  c_w.l(__rtentry2.o)
    0x0800037a   0x0800037a   0x00000006   Code   RO         9190    .ARM.Collect$$rtentry$$00000004  c_w.l(__rtentry4.o)
    0x08000380   0x08000380   0x00000000   Code   RO         9180    .ARM.Collect$$rtentry$$00000009  c_w.l(__rtentry2.o)
    0x08000380   0x08000380   0x00000004   Code   RO         9181    .ARM.Collect$$rtentry$$0000000A  c_w.l(__rtentry2.o)
    0x08000384   0x08000384   0x00000000   Code   RO         9183    .ARM.Collect$$rtentry$$0000000C  c_w.l(__rtentry2.o)
    0x08000384   0x08000384   0x00000008   Code   RO         9184    .ARM.Collect$$rtentry$$0000000D  c_w.l(__rtentry2.o)
    0x0800038c   0x0800038c   0x00000002   Code   RO         9224    .ARM.Collect$$rtexit$$00000000  c_w.l(rtexit.o)
    0x0800038e   0x0800038e   0x00000000   Code   RO         9280    .ARM.Collect$$rtexit$$00000002  c_w.l(rtexit2.o)
    0x0800038e   0x0800038e   0x00000004   Code   RO         9281    .ARM.Collect$$rtexit$$00000003  c_w.l(rtexit2.o)
    0x08000392   0x08000392   0x00000006   Code   RO         9282    .ARM.Collect$$rtexit$$00000004  c_w.l(rtexit2.o)
    0x08000398   0x08000398   0x000000be   Code   RO         8614    .emb_text           port.o
    0x08000456   0x08000456   0x00000002   PAD
    0x08000458   0x08000458   0x00000040   Code   RO            4    .text               startup_stm32h743xx.o
    0x08000498   0x08000498   0x00000012   Code   RO         9087    .text               c_w.l(sys_time.o)
    0x080004aa   0x080004aa   0x000000ee   Code   RO         9089    .text               c_w.l(lludivv7m.o)
    0x08000598   0x08000598   0x00000028   Code   RO         9093    .text               c_w.l(noretval__2sprintf.o)
    0x080005c0   0x080005c0   0x0000004e   Code   RO         9097    .text               c_w.l(_printf_pad.o)
    0x0800060e   0x0800060e   0x00000052   Code   RO         9099    .text               c_w.l(_printf_str.o)
    0x08000660   0x08000660   0x00000078   Code   RO         9101    .text               c_w.l(_printf_dec.o)
    0x080006d8   0x080006d8   0x00000138   Code   RO         9115    .text               c_w.l(__printf_flags_wp.o)
    0x08000810   0x08000810   0x0000001a   Code   RO         9126    .text               c_w.l(atoi.o)
    0x0800082a   0x0800082a   0x00000024   Code   RO         9128    .text               c_w.l(strstr.o)
    0x0800084e   0x0800084e   0x0000003e   Code   RO         9130    .text               c_w.l(strlen.o)
    0x0800088c   0x0800088c   0x0000008a   Code   RO         9132    .text               c_w.l(rt_memcpy_v6.o)
    0x08000916   0x08000916   0x00000064   Code   RO         9134    .text               c_w.l(rt_memcpy_w.o)
    0x0800097a   0x0800097a   0x00000010   Code   RO         9138    .text               c_w.l(aeabi_memset.o)
    0x0800098a   0x0800098a   0x00000044   Code   RO         9140    .text               c_w.l(rt_memclr.o)
    0x080009ce   0x080009ce   0x0000004e   Code   RO         9142    .text               c_w.l(rt_memclr_w.o)
    0x08000a1c   0x08000a1c   0x00000068   Code   RO         9144    .text               c_w.l(strcmpv7m_pel.o)
    0x08000a84   0x08000a84   0x00000006   Code   RO         9146    .text               c_w.l(heapauxi.o)
    0x08000a8a   0x08000a8a   0x00000002   Code   RO         9150    .text               c_w.l(use_no_semi.o)
    0x08000a8c   0x08000a8c   0x00000000   Code   RO         9152    .text               c_w.l(indicate_semi.o)
    0x08000a8c   0x08000a8c   0x00000008   Code   RO         9161    .text               c_w.l(rt_errno_addr_intlibspace.o)
    0x08000a94   0x08000a94   0x000000b2   Code   RO         9163    .text               c_w.l(_printf_intcommon.o)
    0x08000b46   0x08000b46   0x00000002   PAD
    0x08000b48   0x08000b48   0x00000030   Code   RO         9165    .text               c_w.l(_printf_char_common.o)
    0x08000b78   0x08000b78   0x0000000a   Code   RO         9167    .text               c_w.l(_sputc.o)
    0x08000b82   0x08000b82   0x0000002c   Code   RO         9169    .text               c_w.l(_printf_char.o)
    0x08000bae   0x08000bae   0x00000070   Code   RO         9172    .text               c_w.l(strtol.o)
    0x08000c1e   0x08000c1e   0x00000002   PAD
    0x08000c20   0x08000c20   0x00000008   Code   RO         9174    .text               c_w.l(libspace.o)
    0x08000c28   0x08000c28   0x00000010   Code   RO         9192    .text               c_w.l(rt_ctype_table.o)
    0x08000c38   0x08000c38   0x0000009e   Code   RO         9198    .text               c_w.l(_strtoul.o)
    0x08000cd6   0x08000cd6   0x0000004a   Code   RO         9200    .text               c_w.l(sys_stackheap_outer.o)
    0x08000d20   0x08000d20   0x00000008   Code   RO         9205    .text               c_w.l(rt_locale_intlibspace.o)
    0x08000d28   0x08000d28   0x0000001c   Code   RO         9207    .text               c_w.l(_chval.o)
    0x08000d44   0x08000d44   0x00000012   Code   RO         9212    .text               c_w.l(exit.o)
    0x08000d56   0x08000d56   0x00000002   PAD
    0x08000d58   0x08000d58   0x0000000c   Code   RO         9277    .text               c_w.l(sys_exit.o)
    0x08000d64   0x08000d64   0x00000004   Code   RO          713    i.BusFault_Handler  stm32h7xx_it.o
    0x08000d68   0x08000d68   0x00000044   Code   RO         6167    i.CDC_Control_HS    usbd_cdc_if.o
    0x08000dac   0x08000dac   0x00000004   Code   RO         6168    i.CDC_DeInit_HS     usbd_cdc_if.o
    0x08000db0   0x08000db0   0x00000024   Code   RO         6169    i.CDC_Init_HS       usbd_cdc_if.o
    0x08000dd4   0x08000dd4   0x0000002c   Code   RO         6170    i.CDC_Receive_HS    usbd_cdc_if.o
    0x08000e00   0x08000e00   0x0000000c   Code   RO         6171    i.CDC_TransmitCplt_HS  usbd_cdc_if.o
    0x08000e0c   0x08000e0c   0x00000038   Code   RO         6172    i.CDC_Transmit_HS   usbd_cdc_if.o
    0x08000e44   0x08000e44   0x00000024   Code   RO         3970    i.DCMI_DMAError     stm32h7xx_hal_dcmi.o
    0x08000e68   0x08000e68   0x000000c4   Code   RO         3971    i.DCMI_DMAXferCplt  stm32h7xx_hal_dcmi.o
    0x08000f2c   0x08000f2c   0x00000010   Code   RO          714    i.DCMI_IRQHandler   stm32h7xx_it.o
    0x08000f3c   0x08000f3c   0x00000010   Code   RO          715    i.DMA1_Stream0_IRQHandler  stm32h7xx_it.o
    0x08000f4c   0x08000f4c   0x000000ec   Code   RO         2207    i.DMA_CalcBaseAndBitshift  stm32h7xx_hal_dma.o
    0x08001038   0x08001038   0x000000c4   Code   RO         2208    i.DMA_CalcDMAMUXChannelBaseAndMask  stm32h7xx_hal_dma.o
    0x080010fc   0x080010fc   0x00000098   Code   RO         2209    i.DMA_CalcDMAMUXRequestGenBaseAndMask  stm32h7xx_hal_dma.o
    0x08001194   0x08001194   0x000000ae   Code   RO         2210    i.DMA_CheckFifoParam  stm32h7xx_hal_dma.o
    0x08001242   0x08001242   0x00000002   PAD
    0x08001244   0x08001244   0x000000ec   Code   RO         2323    i.DMA_MultiBufferSetConfig  stm32h7xx_hal_dma_ex.o
    0x08001330   0x08001330   0x00000274   Code   RO         2211    i.DMA_SetConfig     stm32h7xx_hal_dma.o
    0x080015a4   0x080015a4   0x00000002   Code   RO          716    i.DebugMon_Handler  stm32h7xx_it.o
    0x080015a6   0x080015a6   0x00000006   Code   RO           13    i.Error_Handler     main.o
    0x080015ac   0x080015ac   0x00000060   Code   RO         1891    i.FLASH_Erase_Sector  stm32h7xx_hal_flash_ex.o
    0x0800160c   0x0800160c   0x000000a0   Code   RO         1892    i.FLASH_MassErase   stm32h7xx_hal_flash_ex.o
    0x080016ac   0x080016ac   0x00000104   Code   RO         1783    i.FLASH_WaitForLastOperation  stm32h7xx_hal_flash.o
    0x080017b0   0x080017b0   0x0000006c   Code   RO         4127    i.FMC_SDRAM_Init    stm32h7xx_ll_fmc.o
    0x0800181c   0x0800181c   0x00000014   Code   RO         4128    i.FMC_SDRAM_ProgramRefreshRate  stm32h7xx_ll_fmc.o
    0x08001830   0x08001830   0x00000026   Code   RO         4129    i.FMC_SDRAM_SendCommand  stm32h7xx_ll_fmc.o
    0x08001856   0x08001856   0x00000002   PAD
    0x08001858   0x08001858   0x00000094   Code   RO         4131    i.FMC_SDRAM_Timing_Init  stm32h7xx_ll_fmc.o
    0x080018ec   0x080018ec   0x0000003a   Code   RO         8973    i.FrameDataCheck    ringbuffer.o
    0x08001926   0x08001926   0x00000002   PAD
    0x08001928   0x08001928   0x00000034   Code   RO         6071    i.Get_SerialNum     usbd_desc.o
    0x0800195c   0x0800195c   0x00000046   Code   RO         3972    i.HAL_DCMI_ConfigCrop  stm32h7xx_hal_dcmi.o
    0x080019a2   0x080019a2   0x0000003e   Code   RO         3975    i.HAL_DCMI_DisableCrop  stm32h7xx_hal_dcmi.o
    0x080019e0   0x080019e0   0x0000003e   Code   RO         3976    i.HAL_DCMI_EnableCrop  stm32h7xx_hal_dcmi.o
    0x08001a1e   0x08001a1e   0x00000002   Code   RO         3977    i.HAL_DCMI_ErrorCallback  stm32h7xx_hal_dcmi.o
    0x08001a20   0x08001a20   0x00000002   Code   RO         3978    i.HAL_DCMI_FrameEventCallback  stm32h7xx_hal_dcmi.o
    0x08001a22   0x08001a22   0x00000002   PAD
    0x08001a24   0x08001a24   0x000000b4   Code   RO         3981    i.HAL_DCMI_IRQHandler  stm32h7xx_hal_dcmi.o
    0x08001ad8   0x08001ad8   0x000000a0   Code   RO         3982    i.HAL_DCMI_Init     stm32h7xx_hal_dcmi.o
    0x08001b78   0x08001b78   0x00000002   Code   RO         3983    i.HAL_DCMI_LineEventCallback  stm32h7xx_hal_dcmi.o
    0x08001b7a   0x08001b7a   0x00000002   PAD
    0x08001b7c   0x08001b7c   0x000001c4   Code   RO          467    i.HAL_DCMI_MspInit  dcmi.o
    0x08001d40   0x08001d40   0x00000120   Code   RO         3987    i.HAL_DCMI_Start_DMA  stm32h7xx_hal_dcmi.o
    0x08001e60   0x08001e60   0x00000090   Code   RO         3988    i.HAL_DCMI_Stop     stm32h7xx_hal_dcmi.o
    0x08001ef0   0x08001ef0   0x00000002   Code   RO         3990    i.HAL_DCMI_VsyncEventCallback  stm32h7xx_hal_dcmi.o
    0x08001ef2   0x08001ef2   0x00000002   PAD
    0x08001ef4   0x08001ef4   0x000000d0   Code   RO         2324    i.HAL_DMAEx_ChangeMemory  stm32h7xx_hal_dma_ex.o
    0x08001fc4   0x08001fc4   0x00000538   Code   RO         2331    i.HAL_DMAEx_MultiBufferStart_IT  stm32h7xx_hal_dma_ex.o
    0x080024fc   0x080024fc   0x000004dc   Code   RO         2212    i.HAL_DMA_Abort     stm32h7xx_hal_dma.o
    0x080029d8   0x080029d8   0x00000398   Code   RO         2213    i.HAL_DMA_Abort_IT  stm32h7xx_hal_dma.o
    0x08002d70   0x08002d70   0x00000008   Code   RO         2216    i.HAL_DMA_GetState  stm32h7xx_hal_dma.o
    0x08002d78   0x08002d78   0x00000af8   Code   RO         2217    i.HAL_DMA_IRQHandler  stm32h7xx_hal_dma.o
    0x08003870   0x08003870   0x00000520   Code   RO         2218    i.HAL_DMA_Init      stm32h7xx_hal_dma.o
    0x08003d90   0x08003d90   0x000003e0   Code   RO         2222    i.HAL_DMA_Start_IT  stm32h7xx_hal_dma.o
    0x08004170   0x08004170   0x00000028   Code   RO         3067    i.HAL_Delay         stm32h7xx_hal.o
    0x08004198   0x08004198   0x0000013c   Code   RO         1909    i.HAL_FLASHEx_Erase  stm32h7xx_hal_flash_ex.o
    0x080042d4   0x080042d4   0x00000044   Code   RO         1787    i.HAL_FLASH_Lock    stm32h7xx_hal_flash.o
    0x08004318   0x08004318   0x0000012c   Code   RO         1792    i.HAL_FLASH_Program  stm32h7xx_hal_flash.o
    0x08004444   0x08004444   0x00000060   Code   RO         1794    i.HAL_FLASH_Unlock  stm32h7xx_hal_flash.o
    0x080044a4   0x080044a4   0x00000148   Code   RO          551    i.HAL_FMC_MspInit   fmc.o
    0x080045ec   0x080045ec   0x00000178   Code   RO         2057    i.HAL_GPIO_DeInit   stm32h7xx_hal_gpio.o
    0x08004764   0x08004764   0x000001fc   Code   RO         2060    i.HAL_GPIO_Init     stm32h7xx_hal_gpio.o
    0x08004960   0x08004960   0x00000010   Code   RO         2062    i.HAL_GPIO_ReadPin  stm32h7xx_hal_gpio.o
    0x08004970   0x08004970   0x0000000c   Code   RO         2064    i.HAL_GPIO_WritePin  stm32h7xx_hal_gpio.o
    0x0800497c   0x0800497c   0x0000000c   Code   RO         3078    i.HAL_GetREVID      stm32h7xx_hal.o
    0x08004988   0x08004988   0x0000000c   Code   RO         3079    i.HAL_GetTick       stm32h7xx_hal.o
    0x08004994   0x08004994   0x00000018   Code   RO         3085    i.HAL_IncTick       stm32h7xx_hal.o
    0x080049ac   0x080049ac   0x00000060   Code   RO         3086    i.HAL_Init          stm32h7xx_hal.o
    0x08004a0c   0x08004a0c   0x00000094   Code   RO          836    i.HAL_InitTick      stm32h7xx_hal_timebase_tim.o
    0x08004aa0   0x08004aa0   0x0000005c   Code   RO         2915    i.HAL_MPU_ConfigRegion  stm32h7xx_hal_cortex.o
    0x08004afc   0x08004afc   0x0000002c   Code   RO         2916    i.HAL_MPU_Disable   stm32h7xx_hal_cortex.o
    0x08004b28   0x08004b28   0x00000040   Code   RO         2917    i.HAL_MPU_Enable    stm32h7xx_hal_cortex.o
    0x08004b68   0x08004b68   0x00000030   Code   RO          808    i.HAL_MspInit       stm32h7xx_hal_msp.o
    0x08004b98   0x08004b98   0x00000044   Code   RO         2919    i.HAL_NVIC_DisableIRQ  stm32h7xx_hal_cortex.o
    0x08004bdc   0x08004bdc   0x00000028   Code   RO         2920    i.HAL_NVIC_EnableIRQ  stm32h7xx_hal_cortex.o
    0x08004c04   0x08004c04   0x0000007a   Code   RO         2926    i.HAL_NVIC_SetPriority  stm32h7xx_hal_cortex.o
    0x08004c7e   0x08004c7e   0x00000002   PAD
    0x08004c80   0x08004c80   0x00000028   Code   RO         2927    i.HAL_NVIC_SetPriorityGrouping  stm32h7xx_hal_cortex.o
    0x08004ca8   0x08004ca8   0x00000028   Code   RO         1113    i.HAL_PCDEx_ActivateLPM  stm32h7xx_hal_pcd_ex.o
    0x08004cd0   0x08004cd0   0x00000002   Code   RO         1118    i.HAL_PCDEx_LPM_Callback  stm32h7xx_hal_pcd_ex.o
    0x08004cd2   0x08004cd2   0x0000000a   Code   RO         1119    i.HAL_PCDEx_SetRxFiFo  stm32h7xx_hal_pcd_ex.o
    0x08004cdc   0x08004cdc   0x0000004e   Code   RO         1120    i.HAL_PCDEx_SetTxFiFo  stm32h7xx_hal_pcd_ex.o
    0x08004d2a   0x08004d2a   0x0000000e   Code   RO         6228    i.HAL_PCD_ConnectCallback  usbd_conf.o
    0x08004d38   0x08004d38   0x00000020   Code   RO         6229    i.HAL_PCD_DataInStageCallback  usbd_conf.o
    0x08004d58   0x08004d58   0x00000020   Code   RO         6230    i.HAL_PCD_DataOutStageCallback  usbd_conf.o
    0x08004d78   0x08004d78   0x0000000e   Code   RO         6231    i.HAL_PCD_DisconnectCallback  usbd_conf.o
    0x08004d86   0x08004d86   0x00000042   Code   RO          884    i.HAL_PCD_EP_Abort  stm32h7xx_hal_pcd.o
    0x08004dc8   0x08004dc8   0x0000006a   Code   RO          885    i.HAL_PCD_EP_Close  stm32h7xx_hal_pcd.o
    0x08004e32   0x08004e32   0x0000007c   Code   RO          886    i.HAL_PCD_EP_ClrStall  stm32h7xx_hal_pcd.o
    0x08004eae   0x08004eae   0x00000016   Code   RO          888    i.HAL_PCD_EP_GetRxCount  stm32h7xx_hal_pcd.o
    0x08004ec4   0x08004ec4   0x0000008c   Code   RO          889    i.HAL_PCD_EP_Open   stm32h7xx_hal_pcd.o
    0x08004f50   0x08004f50   0x00000046   Code   RO          890    i.HAL_PCD_EP_Receive  stm32h7xx_hal_pcd.o
    0x08004f96   0x08004f96   0x0000008a   Code   RO          891    i.HAL_PCD_EP_SetStall  stm32h7xx_hal_pcd.o
    0x08005020   0x08005020   0x00000048   Code   RO          892    i.HAL_PCD_EP_Transmit  stm32h7xx_hal_pcd.o
    0x08005068   0x08005068   0x0000070e   Code   RO          894    i.HAL_PCD_IRQHandler  stm32h7xx_hal_pcd.o
    0x08005776   0x08005776   0x00000012   Code   RO         6232    i.HAL_PCD_ISOINIncompleteCallback  usbd_conf.o
    0x08005788   0x08005788   0x00000012   Code   RO         6233    i.HAL_PCD_ISOOUTIncompleteCallback  usbd_conf.o
    0x0800579a   0x0800579a   0x00000172   Code   RO          897    i.HAL_PCD_Init      stm32h7xx_hal_pcd.o
    0x0800590c   0x0800590c   0x000000b8   Code   RO         6235    i.HAL_PCD_MspInit   usbd_conf.o
    0x080059c4   0x080059c4   0x00000030   Code   RO         6236    i.HAL_PCD_ResetCallback  usbd_conf.o
    0x080059f4   0x080059f4   0x0000000e   Code   RO         6237    i.HAL_PCD_ResumeCallback  usbd_conf.o
    0x08005a02   0x08005a02   0x0000000e   Code   RO         6238    i.HAL_PCD_SOFCallback  usbd_conf.o
    0x08005a10   0x08005a10   0x00000036   Code   RO          903    i.HAL_PCD_SetAddress  stm32h7xx_hal_pcd.o
    0x08005a46   0x08005a46   0x00000012   Code   RO         6239    i.HAL_PCD_SetupStageCallback  usbd_conf.o
    0x08005a58   0x08005a58   0x0000004c   Code   RO          906    i.HAL_PCD_Start     stm32h7xx_hal_pcd.o
    0x08005aa4   0x08005aa4   0x00000034   Code   RO         6240    i.HAL_PCD_SuspendCallback  usbd_conf.o
    0x08005ad8   0x08005ad8   0x00000060   Code   RO         2661    i.HAL_PWREx_ConfigSupply  stm32h7xx_hal_pwr_ex.o
    0x08005b38   0x08005b38   0x00000014   Code   RO         2678    i.HAL_PWREx_EnableUSBVoltageDetector  stm32h7xx_hal_pwr_ex.o
    0x08005b4c   0x08005b4c   0x00000024   Code   RO         1611    i.HAL_RCCEx_GetD3PCLK1Freq  stm32h7xx_hal_rcc_ex.o
    0x08005b70   0x08005b70   0x00000230   Code   RO         1613    i.HAL_RCCEx_GetPLL2ClockFreq  stm32h7xx_hal_rcc_ex.o
    0x08005da0   0x08005da0   0x00000230   Code   RO         1614    i.HAL_RCCEx_GetPLL3ClockFreq  stm32h7xx_hal_rcc_ex.o
    0x08005fd0   0x08005fd0   0x00000d68   Code   RO         1620    i.HAL_RCCEx_PeriphCLKConfig  stm32h7xx_hal_rcc_ex.o
    0x08006d38   0x08006d38   0x00000320   Code   RO         1496    i.HAL_RCC_ClockConfig  stm32h7xx_hal_rcc.o
    0x08007058   0x08007058   0x0000006c   Code   RO         1500    i.HAL_RCC_GetClockConfig  stm32h7xx_hal_rcc.o
    0x080070c4   0x080070c4   0x0000004c   Code   RO         1501    i.HAL_RCC_GetHCLKFreq  stm32h7xx_hal_rcc.o
    0x08007110   0x08007110   0x00000024   Code   RO         1503    i.HAL_RCC_GetPCLK1Freq  stm32h7xx_hal_rcc.o
    0x08007134   0x08007134   0x00000024   Code   RO         1504    i.HAL_RCC_GetPCLK2Freq  stm32h7xx_hal_rcc.o
    0x08007158   0x08007158   0x0000022c   Code   RO         1505    i.HAL_RCC_GetSysClockFreq  stm32h7xx_hal_rcc.o
    0x08007384   0x08007384   0x00000858   Code   RO         1508    i.HAL_RCC_OscConfig  stm32h7xx_hal_rcc.o
    0x08007bdc   0x08007bdc   0x00000050   Code   RO         4268    i.HAL_SDRAM_Init    stm32h7xx_hal_sdram.o
    0x08007c2c   0x08007c2c   0x0000000a   Code   RO          553    i.HAL_SDRAM_MspInit  fmc.o
    0x08007c36   0x08007c36   0x00000036   Code   RO         4271    i.HAL_SDRAM_ProgramRefreshRate  stm32h7xx_hal_sdram.o
    0x08007c6c   0x08007c6c   0x0000004e   Code   RO         4277    i.HAL_SDRAM_SendCommand  stm32h7xx_hal_sdram.o
    0x08007cba   0x08007cba   0x00000002   Code   RO         5160    i.HAL_TIMEx_Break2Callback  stm32h7xx_hal_tim_ex.o
    0x08007cbc   0x08007cbc   0x00000002   Code   RO         5161    i.HAL_TIMEx_BreakCallback  stm32h7xx_hal_tim_ex.o
    0x08007cbe   0x08007cbe   0x00000002   Code   RO         5162    i.HAL_TIMEx_CommutCallback  stm32h7xx_hal_tim_ex.o
    0x08007cc0   0x08007cc0   0x000000cc   Code   RO         5182    i.HAL_TIMEx_MasterConfigSynchronization  stm32h7xx_hal_tim_ex.o
    0x08007d8c   0x08007d8c   0x0000006e   Code   RO         4435    i.HAL_TIM_Base_Init  stm32h7xx_hal_tim.o
    0x08007dfa   0x08007dfa   0x00000002   PAD
    0x08007dfc   0x08007dfc   0x0000002c   Code   RO          609    i.HAL_TIM_Base_MspInit  tim.o
    0x08007e28   0x08007e28   0x000000b4   Code   RO         4440    i.HAL_TIM_Base_Start_IT  stm32h7xx_hal_tim.o
    0x08007edc   0x08007edc   0x00000134   Code   RO         4444    i.HAL_TIM_ConfigClockSource  stm32h7xx_hal_tim.o
    0x08008010   0x08008010   0x00000002   Code   RO         4469    i.HAL_TIM_IC_CaptureCallback  stm32h7xx_hal_tim.o
    0x08008012   0x08008012   0x000001b8   Code   RO         4483    i.HAL_TIM_IRQHandler  stm32h7xx_hal_tim.o
    0x080081ca   0x080081ca   0x00000002   PAD
    0x080081cc   0x080081cc   0x00000058   Code   RO          610    i.HAL_TIM_MspPostInit  tim.o
    0x08008224   0x08008224   0x00000002   Code   RO         4486    i.HAL_TIM_OC_DelayElapsedCallback  stm32h7xx_hal_tim.o
    0x08008226   0x08008226   0x00000170   Code   RO         4507    i.HAL_TIM_PWM_ConfigChannel  stm32h7xx_hal_tim.o
    0x08008396   0x08008396   0x0000006e   Code   RO         4510    i.HAL_TIM_PWM_Init  stm32h7xx_hal_tim.o
    0x08008404   0x08008404   0x00000002   Code   RO         4512    i.HAL_TIM_PWM_MspInit  stm32h7xx_hal_tim.o
    0x08008406   0x08008406   0x00000002   Code   RO         4513    i.HAL_TIM_PWM_PulseFinishedCallback  stm32h7xx_hal_tim.o
    0x08008408   0x08008408   0x00000164   Code   RO         4515    i.HAL_TIM_PWM_Start  stm32h7xx_hal_tim.o
    0x0800856c   0x0800856c   0x00000018   Code   RO           14    i.HAL_TIM_PeriodElapsedCallback  main.o
    0x08008584   0x08008584   0x00000002   Code   RO         4526    i.HAL_TIM_TriggerCallback  stm32h7xx_hal_tim.o
    0x08008586   0x08008586   0x0000004e   Code   RO         5876    i.HAL_UARTEx_DisableFifoMode  stm32h7xx_hal_uart_ex.o
    0x080085d4   0x080085d4   0x00000002   Code   RO         5460    i.HAL_UARTEx_RxEventCallback  stm32h7xx_hal_uart.o
    0x080085d6   0x080085d6   0x00000002   Code   RO         5884    i.HAL_UARTEx_RxFifoFullCallback  stm32h7xx_hal_uart_ex.o
    0x080085d8   0x080085d8   0x0000005e   Code   RO         5885    i.HAL_UARTEx_SetRxFifoThreshold  stm32h7xx_hal_uart_ex.o
    0x08008636   0x08008636   0x0000005e   Code   RO         5886    i.HAL_UARTEx_SetTxFifoThreshold  stm32h7xx_hal_uart_ex.o
    0x08008694   0x08008694   0x00000002   Code   RO         5888    i.HAL_UARTEx_TxFifoEmptyCallback  stm32h7xx_hal_uart_ex.o
    0x08008696   0x08008696   0x00000002   Code   RO         5889    i.HAL_UARTEx_WakeupCallback  stm32h7xx_hal_uart_ex.o
    0x08008698   0x08008698   0x0000004c   Code   RO         5473    i.HAL_UART_DeInit   stm32h7xx_hal_uart.o
    0x080086e4   0x080086e4   0x00000002   Code   RO         5476    i.HAL_UART_ErrorCallback  stm32h7xx_hal_uart.o
    0x080086e6   0x080086e6   0x00000002   PAD
    0x080086e8   0x080086e8   0x00000494   Code   RO         5479    i.HAL_UART_IRQHandler  stm32h7xx_hal_uart.o
    0x08008b7c   0x08008b7c   0x00000078   Code   RO         5480    i.HAL_UART_Init     stm32h7xx_hal_uart.o
    0x08008bf4   0x08008bf4   0x00000038   Code   RO          660    i.HAL_UART_MspDeInit  usart.o
    0x08008c2c   0x08008c2c   0x000000cc   Code   RO          661    i.HAL_UART_MspInit  usart.o
    0x08008cf8   0x08008cf8   0x0000005c   Code   RO         5485    i.HAL_UART_Receive_IT  stm32h7xx_hal_uart.o
    0x08008d54   0x08008d54   0x00000068   Code   RO          662    i.HAL_UART_RxCpltCallback  usart.o
    0x08008dbc   0x08008dbc   0x000000c2   Code   RO         5489    i.HAL_UART_Transmit  stm32h7xx_hal_uart.o
    0x08008e7e   0x08008e7e   0x00000002   Code   RO         5492    i.HAL_UART_TxCpltCallback  stm32h7xx_hal_uart.o
    0x08008e80   0x08008e80   0x00000004   Code   RO          717    i.HardFault_Handler  stm32h7xx_it.o
    0x08008e84   0x08008e84   0x0000003e   Code   RO         6072    i.IntToUnicode      usbd_desc.o
    0x08008ec2   0x08008ec2   0x0000005a   Code   RO           15    i.MPU_Config        main.o
    0x08008f1c   0x08008f1c   0x0000006c   Code   RO          468    i.MX_DCMI_Init      dcmi.o
    0x08008f88   0x08008f88   0x00000034   Code   RO          522    i.MX_DMA_Init       dma.o
    0x08008fbc   0x08008fbc   0x00000078   Code   RO          554    i.MX_FMC_Init       fmc.o
    0x08009034   0x08009034   0x00000088   Code   RO          346    i.MX_FREERTOS_Init  freertos.o
    0x080090bc   0x080090bc   0x00000164   Code   RO          310    i.MX_GPIO_Init      gpio.o
    0x08009220   0x08009220   0x000000a0   Code   RO          611    i.MX_TIM2_Init      tim.o
    0x080092c0   0x080092c0   0x0000006c   Code   RO          663    i.MX_USART1_UART_Init  usart.o
    0x0800932c   0x0800932c   0x00000050   Code   RO         6036    i.MX_USB_DEVICE_Init  usb_device.o
    0x0800937c   0x0800937c   0x00000004   Code   RO          718    i.MemManage_Handler  stm32h7xx_it.o
    0x08009380   0x08009380   0x00000004   Code   RO          719    i.NMI_Handler       stm32h7xx_it.o
    0x08009384   0x08009384   0x00000010   Code   RO          720    i.OTG_HS_IRQHandler  stm32h7xx_it.o
    0x08009394   0x08009394   0x000000ec   Code   RO         8738    i.OV2640_Init       ov2640.o
    0x08009480   0x08009480   0x00000088   Code   RO         8741    i.OV2640_OutSize_Set  ov2640.o
    0x08009508   0x08009508   0x00000028   Code   RO         8742    i.OV2640_RGB565_Mode  ov2640.o
    0x08009530   0x08009530   0x00000030   Code   RO         8744    i.OV2640_UXGA_Init  ov2640.o
    0x08009560   0x08009560   0x00000064   Code   RO          909    i.PCD_EP_OutSetupPacket_int  stm32h7xx_hal_pcd.o
    0x080095c4   0x080095c4   0x00000144   Code   RO          910    i.PCD_EP_OutXfrComplete_int  stm32h7xx_hal_pcd.o
    0x08009708   0x08009708   0x000000b6   Code   RO          911    i.PCD_WriteEmptyTxFifo  stm32h7xx_hal_pcd.o
    0x080097be   0x080097be   0x00000002   PAD
    0x080097c0   0x080097c0   0x00000164   Code   RO         1623    i.RCCEx_PLL2_Config  stm32h7xx_hal_rcc_ex.o
    0x08009924   0x08009924   0x00000164   Code   RO         1624    i.RCCEx_PLL3_Config  stm32h7xx_hal_rcc_ex.o
    0x08009a88   0x08009a88   0x0000002c   Code   RO         8975    i.ReadBytes         ringbuffer.o
    0x08009ab4   0x08009ab4   0x0000002e   Code   RO         8976    i.ReadOneByte_RingBuffer  ringbuffer.o
    0x08009ae2   0x08009ae2   0x00000002   PAD
    0x08009ae4   0x08009ae4   0x00000088   Code   RO         8747    i.SCCB_No_Ack       ov2640.o
    0x08009b6c   0x08009b6c   0x00000080   Code   RO         8748    i.SCCB_RD_Byte      ov2640.o
    0x08009bec   0x08009bec   0x000000a4   Code   RO         8749    i.SCCB_RD_Reg       ov2640.o
    0x08009c90   0x08009c90   0x0000004c   Code   RO         8751    i.SCCB_SDA_IN       ov2640.o
    0x08009cdc   0x08009cdc   0x00000048   Code   RO         8752    i.SCCB_SDA_OUT      ov2640.o
    0x08009d24   0x08009d24   0x00000068   Code   RO         8753    i.SCCB_Start        ov2640.o
    0x08009d8c   0x08009d8c   0x00000078   Code   RO         8754    i.SCCB_Stop         ov2640.o
    0x08009e04   0x08009e04   0x000000e4   Code   RO         8755    i.SCCB_WR_Byte      ov2640.o
    0x08009ee8   0x08009ee8   0x0000006c   Code   RO         8756    i.SCCB_WR_Reg       ov2640.o
    0x08009f54   0x08009f54   0x00000050   Code   RO         8694    i.SDRAM_Initialization_Sequence  sdram.o
    0x08009fa4   0x08009fa4   0x00000048   Code   RO         8695    i.SDRAM_Send_Cmd    sdram.o
    0x08009fec   0x08009fec   0x00000012   Code   RO         6605    i.SWAPBYTE          usbd_ctlreq.o
    0x08009ffe   0x08009ffe   0x00000002   PAD
    0x0800a000   0x0800a000   0x0000002c   Code   RO          347    i.StartCmdAnalysis  freertos.o
    0x0800a02c   0x0800a02c   0x00000188   Code   RO          348    i.StartDefaultTask  freertos.o
    0x0800a1b4   0x0800a1b4   0x0000000a   Code   RO          349    i.StartLedTask      freertos.o
    0x0800a1be   0x0800a1be   0x00000002   PAD
    0x0800a1c0   0x0800a1c0   0x000000a4   Code   RO          350    i.StartMotoTask     freertos.o
    0x0800a264   0x0800a264   0x00000344   Code   RO          351    i.StartSendDataTask  freertos.o
    0x0800a5a8   0x0800a5a8   0x00000016   Code   RO         8029    i.SysTick_Handler   cmsis_os2.o
    0x0800a5be   0x0800a5be   0x00000002   PAD
    0x0800a5c0   0x0800a5c0   0x00000140   Code   RO           16    i.SystemClock_Config  main.o
    0x0800a700   0x0800a700   0x000000fc   Code   RO         6000    i.SystemInit        system_stm32h7xx.o
    0x0800a7fc   0x0800a7fc   0x00000010   Code   RO          721    i.TIM17_IRQHandler  stm32h7xx_it.o
    0x0800a80c   0x0800a80c   0x000000cc   Code   RO         4528    i.TIM_Base_SetConfig  stm32h7xx_hal_tim.o
    0x0800a8d8   0x0800a8d8   0x00000022   Code   RO         4529    i.TIM_CCxChannelCmd  stm32h7xx_hal_tim.o
    0x0800a8fa   0x0800a8fa   0x00000016   Code   RO         4539    i.TIM_ETR_SetConfig  stm32h7xx_hal_tim.o
    0x0800a910   0x0800a910   0x00000018   Code   RO         4540    i.TIM_ITRx_SetConfig  stm32h7xx_hal_tim.o
    0x0800a928   0x0800a928   0x000000ac   Code   RO         4541    i.TIM_OC1_SetConfig  stm32h7xx_hal_tim.o
    0x0800a9d4   0x0800a9d4   0x000000b4   Code   RO         4542    i.TIM_OC2_SetConfig  stm32h7xx_hal_tim.o
    0x0800aa88   0x0800aa88   0x000000b4   Code   RO         4543    i.TIM_OC3_SetConfig  stm32h7xx_hal_tim.o
    0x0800ab3c   0x0800ab3c   0x00000074   Code   RO         4544    i.TIM_OC4_SetConfig  stm32h7xx_hal_tim.o
    0x0800abb0   0x0800abb0   0x00000070   Code   RO         4545    i.TIM_OC5_SetConfig  stm32h7xx_hal_tim.o
    0x0800ac20   0x0800ac20   0x00000070   Code   RO         4546    i.TIM_OC6_SetConfig  stm32h7xx_hal_tim.o
    0x0800ac90   0x0800ac90   0x00000026   Code   RO         4548    i.TIM_TI1_ConfigInputStage  stm32h7xx_hal_tim.o
    0x0800acb6   0x0800acb6   0x00000028   Code   RO         4550    i.TIM_TI2_ConfigInputStage  stm32h7xx_hal_tim.o
    0x0800acde   0x0800acde   0x00000002   PAD
    0x0800ace0   0x0800ace0   0x00000058   Code   RO         5890    i.UARTEx_SetNbDataToProcess  stm32h7xx_hal_uart_ex.o
    0x0800ad38   0x0800ad38   0x000000f8   Code   RO         5494    i.UART_AdvFeatureConfig  stm32h7xx_hal_uart.o
    0x0800ae30   0x0800ae30   0x000000ea   Code   RO         5495    i.UART_CheckIdleState  stm32h7xx_hal_uart.o
    0x0800af1a   0x0800af1a   0x00000018   Code   RO         5496    i.UART_DMAAbortOnError  stm32h7xx_hal_uart.o
    0x0800af32   0x0800af32   0x00000002   PAD
    0x0800af34   0x0800af34   0x0000006c   Code   RO         5506    i.UART_EndRxTransfer  stm32h7xx_hal_uart.o
    0x0800afa0   0x0800afa0   0x00000030   Code   RO         5507    i.UART_EndTransmit_IT  stm32h7xx_hal_uart.o
    0x0800afd0   0x0800afd0   0x00000104   Code   RO         5509    i.UART_RxISR_16BIT  stm32h7xx_hal_uart.o
    0x0800b0d4   0x0800b0d4   0x000001fc   Code   RO         5510    i.UART_RxISR_16BIT_FIFOEN  stm32h7xx_hal_uart.o
    0x0800b2d0   0x0800b2d0   0x00000104   Code   RO         5511    i.UART_RxISR_8BIT   stm32h7xx_hal_uart.o
    0x0800b3d4   0x0800b3d4   0x000001f8   Code   RO         5512    i.UART_RxISR_8BIT_FIFOEN  stm32h7xx_hal_uart.o
    0x0800b5cc   0x0800b5cc   0x0000058c   Code   RO         5513    i.UART_SetConfig    stm32h7xx_hal_uart.o
    0x0800bb58   0x0800bb58   0x0000015c   Code   RO         5515    i.UART_Start_Receive_IT  stm32h7xx_hal_uart.o
    0x0800bcb4   0x0800bcb4   0x000000a2   Code   RO         5520    i.UART_WaitOnFlagUntilTimeout  stm32h7xx_hal_uart.o
    0x0800bd56   0x0800bd56   0x00000002   PAD
    0x0800bd58   0x0800bd58   0x00000010   Code   RO          722    i.USART1_IRQHandler  stm32h7xx_it.o
    0x0800bd68   0x0800bd68   0x000000c4   Code   RO         6776    i.USBD_CDC_DataIn   usbd_cdc.o
    0x0800be2c   0x0800be2c   0x00000048   Code   RO         6777    i.USBD_CDC_DataOut  usbd_cdc.o
    0x0800be74   0x0800be74   0x000000d4   Code   RO         6778    i.USBD_CDC_DeInit   usbd_cdc.o
    0x0800bf48   0x0800bf48   0x00000050   Code   RO         6779    i.USBD_CDC_EP0_RxReady  usbd_cdc.o
    0x0800bf98   0x0800bf98   0x00000010   Code   RO         6780    i.USBD_CDC_GetDeviceQualifierDescriptor  usbd_cdc.o
    0x0800bfa8   0x0800bfa8   0x00000044   Code   RO         6781    i.USBD_CDC_GetFSCfgDesc  usbd_cdc.o
    0x0800bfec   0x0800bfec   0x00000048   Code   RO         6782    i.USBD_CDC_GetHSCfgDesc  usbd_cdc.o
    0x0800c034   0x0800c034   0x00000044   Code   RO         6783    i.USBD_CDC_GetOtherSpeedCfgDesc  usbd_cdc.o
    0x0800c078   0x0800c078   0x000001a0   Code   RO         6784    i.USBD_CDC_Init     usbd_cdc.o
    0x0800c218   0x0800c218   0x00000050   Code   RO         6785    i.USBD_CDC_ReceivePacket  usbd_cdc.o
    0x0800c268   0x0800c268   0x00000018   Code   RO         6786    i.USBD_CDC_RegisterInterface  usbd_cdc.o
    0x0800c280   0x0800c280   0x0000001e   Code   RO         6787    i.USBD_CDC_SetRxBuffer  usbd_cdc.o
    0x0800c29e   0x0800c29e   0x00000024   Code   RO         6788    i.USBD_CDC_SetTxBuffer  usbd_cdc.o
    0x0800c2c2   0x0800c2c2   0x00000140   Code   RO         6789    i.USBD_CDC_Setup    usbd_cdc.o
    0x0800c402   0x0800c402   0x00000002   PAD
    0x0800c404   0x0800c404   0x0000005c   Code   RO         6790    i.USBD_CDC_TransmitPacket  usbd_cdc.o
    0x0800c460   0x0800c460   0x0000001c   Code   RO         6439    i.USBD_ClrClassConfig  usbd_core.o
    0x0800c47c   0x0800c47c   0x0000003e   Code   RO         6606    i.USBD_ClrFeature   usbd_ctlreq.o
    0x0800c4ba   0x0800c4ba   0x00000006   Code   RO         6440    i.USBD_CoreFindEP   usbd_core.o
    0x0800c4c0   0x0800c4c0   0x00000006   Code   RO         6441    i.USBD_CoreFindIF   usbd_core.o
    0x0800c4c6   0x0800c4c6   0x00000018   Code   RO         6712    i.USBD_CtlContinueRx  usbd_ioreq.o
    0x0800c4de   0x0800c4de   0x00000018   Code   RO         6713    i.USBD_CtlContinueSendData  usbd_ioreq.o
    0x0800c4f6   0x0800c4f6   0x00000018   Code   RO         6607    i.USBD_CtlError     usbd_ctlreq.o
    0x0800c50e   0x0800c50e   0x00000028   Code   RO         6714    i.USBD_CtlPrepareRx  usbd_ioreq.o
    0x0800c536   0x0800c536   0x0000001a   Code   RO         6715    i.USBD_CtlReceiveStatus  usbd_ioreq.o
    0x0800c550   0x0800c550   0x00000022   Code   RO         6716    i.USBD_CtlSendData  usbd_ioreq.o
    0x0800c572   0x0800c572   0x0000001a   Code   RO         6717    i.USBD_CtlSendStatus  usbd_ioreq.o
    0x0800c58c   0x0800c58c   0x00000056   Code   RO         6608    i.USBD_GetConfig    usbd_ctlreq.o
    0x0800c5e2   0x0800c5e2   0x00000232   Code   RO         6609    i.USBD_GetDescriptor  usbd_ctlreq.o
    0x0800c814   0x0800c814   0x00000050   Code   RO         6443    i.USBD_GetEpDesc    usbd_core.o
    0x0800c864   0x0800c864   0x00000016   Code   RO         6610    i.USBD_GetLen       usbd_ctlreq.o
    0x0800c87a   0x0800c87a   0x00000014   Code   RO         6444    i.USBD_GetNextDesc  usbd_core.o
    0x0800c88e   0x0800c88e   0x0000005a   Code   RO         6611    i.USBD_GetStatus    usbd_ctlreq.o
    0x0800c8e8   0x0800c8e8   0x00000054   Code   RO         6612    i.USBD_GetString    usbd_ctlreq.o
    0x0800c93c   0x0800c93c   0x0000002c   Code   RO         6241    i.USBD_Get_USB_Status  usbd_conf.o
    0x0800c968   0x0800c968   0x00000034   Code   RO         6073    i.USBD_HS_ConfigStrDescriptor  usbd_desc.o
    0x0800c99c   0x0800c99c   0x00000010   Code   RO         6074    i.USBD_HS_DeviceDescriptor  usbd_desc.o
    0x0800c9ac   0x0800c9ac   0x00000038   Code   RO         6075    i.USBD_HS_InterfaceStrDescriptor  usbd_desc.o
    0x0800c9e4   0x0800c9e4   0x00000010   Code   RO         6076    i.USBD_HS_LangIDStrDescriptor  usbd_desc.o
    0x0800c9f4   0x0800c9f4   0x0000002c   Code   RO         6077    i.USBD_HS_ManufacturerStrDescriptor  usbd_desc.o
    0x0800ca20   0x0800ca20   0x00000040   Code   RO         6078    i.USBD_HS_ProductStrDescriptor  usbd_desc.o
    0x0800ca60   0x0800ca60   0x00000018   Code   RO         6079    i.USBD_HS_SerialStrDescriptor  usbd_desc.o
    0x0800ca78   0x0800ca78   0x0000003a   Code   RO         6445    i.USBD_Init         usbd_core.o
    0x0800cab2   0x0800cab2   0x00000026   Code   RO         6242    i.USBD_LL_ClearStallEP  usbd_conf.o
    0x0800cad8   0x0800cad8   0x00000026   Code   RO         6243    i.USBD_LL_CloseEP   usbd_conf.o
    0x0800cafe   0x0800cafe   0x00000108   Code   RO         6446    i.USBD_LL_DataInStage  usbd_core.o
    0x0800cc06   0x0800cc06   0x00000102   Code   RO         6447    i.USBD_LL_DataOutStage  usbd_core.o
    0x0800cd08   0x0800cd08   0x00000006   Code   RO         6448    i.USBD_LL_DevConnected  usbd_core.o
    0x0800cd0e   0x0800cd0e   0x00000026   Code   RO         6449    i.USBD_LL_DevDisconnected  usbd_core.o
    0x0800cd34   0x0800cd34   0x00000012   Code   RO         6247    i.USBD_LL_GetRxDataSize  usbd_conf.o
    0x0800cd46   0x0800cd46   0x00000002   PAD
    0x0800cd48   0x0800cd48   0x00000070   Code   RO         6248    i.USBD_LL_Init      usbd_conf.o
    0x0800cdb8   0x0800cdb8   0x00000038   Code   RO         6249    i.USBD_LL_IsStallEP  usbd_conf.o
    0x0800cdf0   0x0800cdf0   0x00000048   Code   RO         6450    i.USBD_LL_IsoINIncomplete  usbd_core.o
    0x0800ce38   0x0800ce38   0x00000048   Code   RO         6451    i.USBD_LL_IsoOUTIncomplete  usbd_core.o
    0x0800ce80   0x0800ce80   0x00000030   Code   RO         6250    i.USBD_LL_OpenEP    usbd_conf.o
    0x0800ceb0   0x0800ceb0   0x00000030   Code   RO         6251    i.USBD_LL_PrepareReceive  usbd_conf.o
    0x0800cee0   0x0800cee0   0x0000006c   Code   RO         6452    i.USBD_LL_Reset     usbd_core.o
    0x0800cf4c   0x0800cf4c   0x00000016   Code   RO         6453    i.USBD_LL_Resume    usbd_core.o
    0x0800cf62   0x0800cf62   0x00000028   Code   RO         6454    i.USBD_LL_SOF       usbd_core.o
    0x0800cf8a   0x0800cf8a   0x00000008   Code   RO         6455    i.USBD_LL_SetSpeed  usbd_core.o
    0x0800cf92   0x0800cf92   0x00000026   Code   RO         6252    i.USBD_LL_SetUSBAddress  usbd_conf.o
    0x0800cfb8   0x0800cfb8   0x00000076   Code   RO         6456    i.USBD_LL_SetupStage  usbd_core.o
    0x0800d02e   0x0800d02e   0x00000026   Code   RO         6253    i.USBD_LL_StallEP   usbd_conf.o
    0x0800d054   0x0800d054   0x0000001e   Code   RO         6254    i.USBD_LL_Start     usbd_conf.o
    0x0800d072   0x0800d072   0x0000001c   Code   RO         6457    i.USBD_LL_Suspend   usbd_core.o
    0x0800d08e   0x0800d08e   0x00000030   Code   RO         6256    i.USBD_LL_Transmit  usbd_conf.o
    0x0800d0be   0x0800d0be   0x00000036   Code   RO         6613    i.USBD_ParseSetupRequest  usbd_ctlreq.o
    0x0800d0f4   0x0800d0f4   0x00000048   Code   RO         6458    i.USBD_RegisterClass  usbd_core.o
    0x0800d13c   0x0800d13c   0x00000006   Code   RO         6459    i.USBD_RunTestMode  usbd_core.o
    0x0800d142   0x0800d142   0x0000005a   Code   RO         6614    i.USBD_SetAddress   usbd_ctlreq.o
    0x0800d19c   0x0800d19c   0x00000020   Code   RO         6460    i.USBD_SetClassConfig  usbd_core.o
    0x0800d1bc   0x0800d1bc   0x00000104   Code   RO         6615    i.USBD_SetConfig    usbd_ctlreq.o
    0x0800d2c0   0x0800d2c0   0x00000038   Code   RO         6616    i.USBD_SetFeature   usbd_ctlreq.o
    0x0800d2f8   0x0800d2f8   0x0000000c   Code   RO         6461    i.USBD_Start        usbd_core.o
    0x0800d304   0x0800d304   0x000000ae   Code   RO         6617    i.USBD_StdDevReq    usbd_ctlreq.o
    0x0800d3b2   0x0800d3b2   0x00000280   Code   RO         6618    i.USBD_StdEPReq     usbd_ctlreq.o
    0x0800d632   0x0800d632   0x000000ae   Code   RO         6619    i.USBD_StdItfReq    usbd_ctlreq.o
    0x0800d6e0   0x0800d6e0   0x00000002   Code   RO         6257    i.USBD_static_free  usbd_conf.o
    0x0800d6e2   0x0800d6e2   0x00000002   PAD
    0x0800d6e4   0x0800d6e4   0x0000000c   Code   RO         6258    i.USBD_static_malloc  usbd_conf.o
    0x0800d6f0   0x0800d6f0   0x000000d0   Code   RO         1185    i.USB_ActivateEndpoint  stm32h7xx_ll_usb.o
    0x0800d7c0   0x0800d7c0   0x00000028   Code   RO         1187    i.USB_ActivateSetup  stm32h7xx_ll_usb.o
    0x0800d7e8   0x0800d7e8   0x00000098   Code   RO         1189    i.USB_CoreInit      stm32h7xx_ll_usb.o
    0x0800d880   0x0800d880   0x00000058   Code   RO         1190    i.USB_CoreReset     stm32h7xx_ll_usb.o
    0x0800d8d8   0x0800d8d8   0x0000014c   Code   RO         1193    i.USB_DeactivateEndpoint  stm32h7xx_ll_usb.o
    0x0800da24   0x0800da24   0x00000024   Code   RO         1194    i.USB_DevConnect    stm32h7xx_ll_usb.o
    0x0800da48   0x0800da48   0x00000024   Code   RO         1195    i.USB_DevDisconnect  stm32h7xx_ll_usb.o
    0x0800da6c   0x0800da6c   0x000001d8   Code   RO         1196    i.USB_DevInit       stm32h7xx_ll_usb.o
    0x0800dc44   0x0800dc44   0x0000000e   Code   RO         1197    i.USB_DisableGlobalInt  stm32h7xx_ll_usb.o
    0x0800dc52   0x0800dc52   0x00000002   PAD
    0x0800dc54   0x0800dc54   0x00000070   Code   RO         1200    i.USB_EP0_OutStart  stm32h7xx_ll_usb.o
    0x0800dcc4   0x0800dcc4   0x0000008e   Code   RO         1201    i.USB_EPClearStall  stm32h7xx_ll_usb.o
    0x0800dd52   0x0800dd52   0x0000009a   Code   RO         1202    i.USB_EPSetStall    stm32h7xx_ll_usb.o
    0x0800ddec   0x0800ddec   0x000003b4   Code   RO         1203    i.USB_EPStartXfer   stm32h7xx_ll_usb.o
    0x0800e1a0   0x0800e1a0   0x000000ec   Code   RO         1204    i.USB_EPStopXfer    stm32h7xx_ll_usb.o
    0x0800e28c   0x0800e28c   0x0000000e   Code   RO         1205    i.USB_EnableGlobalInt  stm32h7xx_ll_usb.o
    0x0800e29a   0x0800e29a   0x00000002   PAD
    0x0800e29c   0x0800e29c   0x00000054   Code   RO         1206    i.USB_FlushRxFifo   stm32h7xx_ll_usb.o
    0x0800e2f0   0x0800e2f0   0x00000058   Code   RO         1207    i.USB_FlushTxFifo   stm32h7xx_ll_usb.o
    0x0800e348   0x0800e348   0x00000026   Code   RO         1209    i.USB_GetDevSpeed   stm32h7xx_ll_usb.o
    0x0800e36e   0x0800e36e   0x0000000a   Code   RO         1211    i.USB_GetMode       stm32h7xx_ll_usb.o
    0x0800e378   0x0800e378   0x00000014   Code   RO         1219    i.USB_ReadDevAllInEpInterrupt  stm32h7xx_ll_usb.o
    0x0800e38c   0x0800e38c   0x00000014   Code   RO         1220    i.USB_ReadDevAllOutEpInterrupt  stm32h7xx_ll_usb.o
    0x0800e3a0   0x0800e3a0   0x00000032   Code   RO         1221    i.USB_ReadDevInEPInterrupt  stm32h7xx_ll_usb.o
    0x0800e3d2   0x0800e3d2   0x0000001a   Code   RO         1222    i.USB_ReadDevOutEPInterrupt  stm32h7xx_ll_usb.o
    0x0800e3ec   0x0800e3ec   0x0000000a   Code   RO         1223    i.USB_ReadInterrupts  stm32h7xx_ll_usb.o
    0x0800e3f6   0x0800e3f6   0x00000060   Code   RO         1224    i.USB_ReadPacket    stm32h7xx_ll_usb.o
    0x0800e456   0x0800e456   0x00000068   Code   RO         1226    i.USB_SetCurrentMode  stm32h7xx_ll_usb.o
    0x0800e4be   0x0800e4be   0x0000002a   Code   RO         1227    i.USB_SetDevAddress  stm32h7xx_ll_usb.o
    0x0800e4e8   0x0800e4e8   0x00000012   Code   RO         1228    i.USB_SetDevSpeed   stm32h7xx_ll_usb.o
    0x0800e4fa   0x0800e4fa   0x00000002   PAD
    0x0800e4fc   0x0800e4fc   0x000000e8   Code   RO         1229    i.USB_SetTurnaroundTime  stm32h7xx_ll_usb.o
    0x0800e5e4   0x0800e5e4   0x00000044   Code   RO         1232    i.USB_WritePacket   stm32h7xx_ll_usb.o
    0x0800e628   0x0800e628   0x00000004   Code   RO          723    i.UsageFault_Handler  stm32h7xx_it.o
    0x0800e62c   0x0800e62c   0x0000002a   Code   RO         8978    i.WriteBytes        ringbuffer.o
    0x0800e656   0x0800e656   0x00000030   Code   RO         8979    i.WriteOneByte_RingBuffer  ringbuffer.o
    0x0800e686   0x0800e686   0x00000002   PAD
    0x0800e688   0x0800e688   0x00000010   Code   RO         2933    i.__NVIC_GetPriorityGrouping  stm32h7xx_hal_cortex.o
    0x0800e698   0x0800e698   0x00000028   Code   RO         2934    i.__NVIC_SetPriority  stm32h7xx_hal_cortex.o
    0x0800e6c0   0x0800e6c0   0x00000006   Code   RO         8031    i.__get_IPSR        cmsis_os2.o
    0x0800e6c6   0x0800e6c6   0x0000000e   Code   RO         9113    i._is_digit         c_w.l(__printf_wp.o)
    0x0800e6d4   0x0800e6d4   0x0000080c   Code   RO         8927    i.air724Init        air724.o
    0x0800eee0   0x0800eee0   0x0000009c   Code   RO         8928    i.air724SendCmd     air724.o
    0x0800ef7c   0x0800ef7c   0x000000a4   Code   RO         8929    i.air724SendCmdAndReturnAck  air724.o
    0x0800f020   0x0800f020   0x00000044   Code   RO         9030    i.bsp_CmpCpuFlash   flash.o
    0x0800f064   0x0800f064   0x0000004c   Code   RO         9031    i.bsp_EraseCpuFlash  flash.o
    0x0800f0b0   0x0800f0b0   0x00000124   Code   RO         9032    i.bsp_GetSector     flash.o
    0x0800f1d4   0x0800f1d4   0x0000002c   Code   RO         9033    i.bsp_ReadCpuFlash  flash.o
    0x0800f200   0x0800f200   0x000000c0   Code   RO         9034    i.bsp_WriteCpuFlash  flash.o
    0x0800f2c0   0x0800f2c0   0x00000020   Code   RO          352    i.frameDataAnalysis  freertos.o
    0x0800f2e0   0x0800f2e0   0x000001b4   Code   RO           18    i.main              main.o
    0x0800f494   0x0800f494   0x0000001e   Code   RO         8032    i.osDelay           cmsis_os2.o
    0x0800f4b2   0x0800f4b2   0x00000002   PAD
    0x0800f4b4   0x0800f4b4   0x0000002c   Code   RO         8046    i.osKernelInitialize  cmsis_os2.o
    0x0800f4e0   0x0800f4e0   0x00000060   Code   RO         8049    i.osKernelStart     cmsis_os2.o
    0x0800f540   0x0800f540   0x000000b8   Code   RO         8091    i.osThreadNew       cmsis_os2.o
    0x0800f5f8   0x0800f5f8   0x000000bc   Code   RO          353    i.packTcpDataFrameAndSend  freertos.o
    0x0800f6b4   0x0800f6b4   0x000000bc   Code   RO         8930    i.packTcpDataFrameAndSend  air724.o
    0x0800f770   0x0800f770   0x00000184   Code   RO          354    i.pcToCameraDeal    freertos.o
    0x0800f8f4   0x0800f8f4   0x0000007c   Code   RO         7466    i.prvAddCurrentTaskToDelayedList  tasks.o
    0x0800f970   0x0800f970   0x000000b8   Code   RO         7467    i.prvAddNewTaskToReadyList  tasks.o
    0x0800fa28   0x0800fa28   0x00000074   Code   RO         7842    i.prvCheckForValidListAndQueue  timers.o
    0x0800fa9c   0x0800fa9c   0x00000048   Code   RO         7468    i.prvCheckTasksWaitingTermination  tasks.o
    0x0800fae4   0x0800fae4   0x0000002a   Code   RO         7053    i.prvCopyDataFromQueue  queue.o
    0x0800fb0e   0x0800fb0e   0x0000007e   Code   RO         7054    i.prvCopyDataToQueue  queue.o
    0x0800fb8c   0x0800fb8c   0x00000050   Code   RO         7469    i.prvDeleteTCB      tasks.o
    0x0800fbdc   0x0800fbdc   0x00000028   Code   RO         7843    i.prvGetNextExpireTime  timers.o
    0x0800fc04   0x0800fc04   0x0000007c   Code   RO         8559    i.prvHeapInit       heap_4.o
    0x0800fc80   0x0800fc80   0x00000028   Code   RO         7470    i.prvIdleTask       tasks.o
    0x0800fca8   0x0800fca8   0x0000002a   Code   RO         7057    i.prvInitialiseNewQueue  queue.o
    0x0800fcd2   0x0800fcd2   0x000000be   Code   RO         7471    i.prvInitialiseNewTask  tasks.o
    0x0800fd90   0x0800fd90   0x00000068   Code   RO         7472    i.prvInitialiseTaskLists  tasks.o
    0x0800fdf8   0x0800fdf8   0x00000068   Code   RO         8560    i.prvInsertBlockIntoFreeList  heap_4.o
    0x0800fe60   0x0800fe60   0x00000058   Code   RO         7845    i.prvInsertTimerInActiveList  timers.o
    0x0800feb8   0x0800feb8   0x0000001a   Code   RO         7058    i.prvIsQueueEmpty   queue.o
    0x0800fed2   0x0800fed2   0x0000001e   Code   RO         7059    i.prvIsQueueFull    queue.o
    0x0800fef0   0x0800fef0   0x00000074   Code   RO         7846    i.prvProcessExpiredTimer  timers.o
    0x0800ff64   0x0800ff64   0x00000164   Code   RO         7847    i.prvProcessReceivedCommands  timers.o
    0x080100c8   0x080100c8   0x00000074   Code   RO         7848    i.prvProcessTimerOrBlockTask  timers.o
    0x0801013c   0x0801013c   0x00000034   Code   RO         7474    i.prvResetNextTaskUnblockTime  tasks.o
    0x08010170   0x08010170   0x0000002c   Code   RO         7849    i.prvSampleTimeNow  timers.o
    0x0801019c   0x0801019c   0x000000a4   Code   RO         7850    i.prvSwitchTimerLists  timers.o
    0x08010240   0x08010240   0x00000040   Code   RO         8615    i.prvTaskExitError  port.o
    0x08010280   0x08010280   0x0000001a   Code   RO         7851    i.prvTimerTask      timers.o
    0x0801029a   0x0801029a   0x0000007e   Code   RO         7060    i.prvUnlockQueue    queue.o
    0x08010318   0x08010318   0x0000014c   Code   RO         8561    i.pvPortMalloc      heap_4.o
    0x08010464   0x08010464   0x0000002c   Code   RO         8616    i.pxPortInitialiseStack  port.o
    0x08010490   0x08010490   0x00000090   Code   RO          355    i.sendLogMessage    freertos.o
    0x08010520   0x08010520   0x00000268   Code   RO          356    i.showDeviceInfo    freertos.o
    0x08010788   0x08010788   0x000000a6   Code   RO          357    i.usart1DataAnalysis  freertos.o
    0x0801082e   0x0801082e   0x00000028   Code   RO         7013    i.uxListRemove      list.o
    0x08010856   0x08010856   0x00000002   PAD
    0x08010858   0x08010858   0x00000018   Code   RO         8103    i.vApplicationGetIdleTaskMemory  cmsis_os2.o
    0x08010870   0x08010870   0x00000018   Code   RO         8104    i.vApplicationGetTimerTaskMemory  cmsis_os2.o
    0x08010888   0x08010888   0x0000001a   Code   RO         7014    i.vListInitialise   list.o
    0x080108a2   0x080108a2   0x00000006   Code   RO         7015    i.vListInitialiseItem  list.o
    0x080108a8   0x080108a8   0x00000034   Code   RO         7016    i.vListInsert       list.o
    0x080108dc   0x080108dc   0x00000018   Code   RO         7017    i.vListInsertEnd    list.o
    0x080108f4   0x080108f4   0x00000054   Code   RO         8618    i.vPortEnterCritical  port.o
    0x08010948   0x08010948   0x0000003c   Code   RO         8619    i.vPortExitCritical  port.o
    0x08010984   0x08010984   0x000000a4   Code   RO         8562    i.vPortFree         heap_4.o
    0x08010a28   0x08010a28   0x00000028   Code   RO         8620    i.vPortSetupTimerInterrupt  port.o
    0x08010a50   0x08010a50   0x00000078   Code   RO         8621    i.vPortValidateInterruptPriority  port.o
    0x08010ac8   0x08010ac8   0x0000002c   Code   RO         7066    i.vQueueAddToRegistry  queue.o
    0x08010af4   0x08010af4   0x0000004a   Code   RO         7070    i.vQueueWaitForMessageRestricted  queue.o
    0x08010b3e   0x08010b3e   0x00000002   PAD
    0x08010b40   0x08010b40   0x0000005c   Code   RO         7487    i.vTaskDelay        tasks.o
    0x08010b9c   0x08010b9c   0x00000018   Code   RO         7492    i.vTaskInternalSetTimeOutState  tasks.o
    0x08010bb4   0x08010bb4   0x0000000c   Code   RO         7493    i.vTaskMissedYield  tasks.o
    0x08010bc0   0x08010bc0   0x00000038   Code   RO         7495    i.vTaskPlaceOnEventList  tasks.o
    0x08010bf8   0x08010bf8   0x00000040   Code   RO         7496    i.vTaskPlaceOnEventListRestricted  tasks.o
    0x08010c38   0x08010c38   0x000000b8   Code   RO         7504    i.vTaskStartScheduler  tasks.o
    0x08010cf0   0x08010cf0   0x00000010   Code   RO         7506    i.vTaskSuspendAll   tasks.o
    0x08010d00   0x08010d00   0x00000090   Code   RO         7507    i.vTaskSwitchContext  tasks.o
    0x08010d90   0x08010d90   0x00000298   Code   RO          358    i.vcpDataAnalysis   freertos.o
    0x08011028   0x08011028   0x0000000c   Code   RO         8565    i.xPortGetFreeHeapSize  heap_4.o
    0x08011034   0x08011034   0x00000168   Code   RO         8622    i.xPortStartScheduler  port.o
    0x0801119c   0x0801119c   0x00000034   Code   RO         8623    i.xPortSysTickHandler  port.o
    0x080111d0   0x080111d0   0x000000e0   Code   RO         7076    i.xQueueGenericCreateStatic  queue.o
    0x080112b0   0x080112b0   0x00000098   Code   RO         7077    i.xQueueGenericReset  queue.o
    0x08011348   0x08011348   0x000001a8   Code   RO         7078    i.xQueueGenericSend  queue.o
    0x080114f0   0x080114f0   0x000000fc   Code   RO         7079    i.xQueueGenericSendFromISR  queue.o
    0x080115ec   0x080115ec   0x00000168   Code   RO         7088    i.xQueueReceive     queue.o
    0x08011754   0x08011754   0x0000008c   Code   RO         7509    i.xTaskCheckForTimeOut  tasks.o
    0x080117e0   0x080117e0   0x00000064   Code   RO         7510    i.xTaskCreate       tasks.o
    0x08011844   0x08011844   0x000000ba   Code   RO         7511    i.xTaskCreateStatic  tasks.o
    0x080118fe   0x080118fe   0x00000002   PAD
    0x08011900   0x08011900   0x00000020   Code   RO         7515    i.xTaskGetSchedulerState  tasks.o
    0x08011920   0x08011920   0x0000000c   Code   RO         7516    i.xTaskGetTickCount  tasks.o
    0x0801192c   0x0801192c   0x00000144   Code   RO         7518    i.xTaskIncrementTick  tasks.o
    0x08011a70   0x08011a70   0x000000a4   Code   RO         7521    i.xTaskPriorityDisinherit  tasks.o
    0x08011b14   0x08011b14   0x00000098   Code   RO         7523    i.xTaskRemoveFromEventList  tasks.o
    0x08011bac   0x08011bac   0x00000104   Code   RO         7524    i.xTaskResumeAll    tasks.o
    0x08011cb0   0x08011cb0   0x00000078   Code   RO         7860    i.xTimerCreateTimerTask  timers.o
    0x08011d28   0x08011d28   0x00000084   Code   RO         7861    i.xTimerGenericCommand  timers.o
    0x08011dac   0x08011dac   0x0000002c   Code   RO         9210    locale$$code        c_w.l(lc_ctype_c.o)
    0x08011dd8   0x08011dd8   0x0000000a   Code   RO         9292    x$fpl$fpinit        fz_wv.l(fpinit.o)
    0x08011de2   0x08011de2   0x00000002   PAD
    0x08011de4   0x08011de4   0x000000b4   Data   RO          359    .constdata          freertos.o
    0x08011e98   0x08011e98   0x00000008   Data   RO         2224    .constdata          stm32h7xx_hal_dma.o
    0x08011ea0   0x08011ea0   0x00000018   Data   RO         5521    .constdata          stm32h7xx_hal_uart.o
    0x08011eb8   0x08011eb8   0x00000010   Data   RO         5892    .constdata          stm32h7xx_hal_uart_ex.o
    0x08011ec8   0x08011ec8   0x00000010   Data   RO         6001    .constdata          system_stm32h7xx.o
    0x08011ed8   0x08011ed8   0x0000031a   Data   RO         8757    .constdata          ov2640.o
    0x080121f2   0x080121f2   0x00000011   Data   RO         9116    .constdata          c_w.l(__printf_flags_wp.o)
    0x08012203   0x08012203   0x00000001   PAD
    0x08012204   0x08012204   0x0000003c   Data   RO          360    .conststring        freertos.o
    0x08012240   0x08012240   0x00000020   Data   RO         9347    Region$$Table       anon$$obj.o
    0x08012260   0x08012260   0x00000110   Data   RO         9209    locale$$data        c_w.l(lc_ctype_c.o)


    Execution Region RW_IRAM1 (Exec base: 0x20000000, Load base: 0x08012370, Size: 0x00007dc8, Max: 0x00020000, ABSOLUTE, COMPRESSED[0x000000c8])

    Exec Addr    Load Addr    Size         Type   Attr      Idx    E Section Name        Object

    0x20000000   COMPRESSED   0x00000058   Data   RW           22    .data               main.o
    0x20000058   COMPRESSED   0x00000023   Data   RW          361    .data               freertos.o
    0x2000007b   COMPRESSED   0x00000001   PAD
    0x2000007c   COMPRESSED   0x00000008   Data   RW          556    .data               fmc.o
    0x20000084   COMPRESSED   0x00000001   Data   RW          665    .data               usart.o
    0x20000085   COMPRESSED   0x00000003   PAD
    0x20000088   COMPRESSED   0x00000009   Data   RW         3108    .data               stm32h7xx_hal.o
    0x20000091   COMPRESSED   0x00000003   PAD
    0x20000094   COMPRESSED   0x00000008   Data   RW         6002    .data               system_stm32h7xx.o
    0x2000009c   COMPRESSED   0x0000005e   Data   RW         6082    .data               usbd_desc.o
    0x200000fa   COMPRESSED   0x00000002   PAD
    0x200000fc   COMPRESSED   0x00000014   Data   RW         6174    .data               usbd_cdc_if.o
    0x20000110   COMPRESSED   0x00000001   Data   RW         6620    .data               usbd_ctlreq.o
    0x20000111   COMPRESSED   0x00000003   PAD
    0x20000114   COMPRESSED   0x0000008a   Data   RW         6791    .data               usbd_cdc.o
    0x2000019e   COMPRESSED   0x00000002   PAD
    0x200001a0   COMPRESSED   0x0000003c   Data   RW         7527    .data               tasks.o
    0x200001dc   COMPRESSED   0x00000014   Data   RW         7869    .data               timers.o
    0x200001f0   COMPRESSED   0x00000004   Data   RW         8106    .data               cmsis_os2.o
    0x200001f4   COMPRESSED   0x00000020   Data   RW         8568    .data               heap_4.o
    0x20000214   COMPRESSED   0x0000000c   Data   RW         8624    .data               port.o
    0x20000220   COMPRESSED   0x0000000a   Data   RW         8758    .data               ov2640.o
    0x2000022a   COMPRESSED   0x00000002   PAD
    0x2000022c        -       0x00000204   Zero   RW           21    .bss                main.o
    0x20000430        -       0x000000c8   Zero   RW          469    .bss                dcmi.o
    0x200004f8        -       0x00000034   Zero   RW          555    .bss                fmc.o
    0x2000052c        -       0x0000004c   Zero   RW          612    .bss                tim.o
    0x20000578        -       0x00000094   Zero   RW          664    .bss                usart.o
    0x2000060c        -       0x0000004c   Zero   RW          839    .bss                stm32h7xx_hal_timebase_tim.o
    0x20000658        -       0x0000001c   Zero   RW         1795    .bss                stm32h7xx_hal_flash.o
    0x20000674        -       0x000002dc   Zero   RW         6037    .bss                usb_device.o
    0x20000950        -       0x00000200   Zero   RW         6081    .bss                usbd_desc.o
    0x20000b50        -       0x00001000   Zero   RW         6173    .bss                usbd_cdc_if.o
    0x20001b50        -       0x0000072c   Zero   RW         6259    .bss                usbd_conf.o
    0x2000227c        -       0x00000040   Zero   RW         7092    .bss                queue.o
    0x200022bc        -       0x000004c4   Zero   RW         7526    .bss                tasks.o
    0x20002780        -       0x00000118   Zero   RW         7868    .bss                timers.o
    0x20002898        -       0x000006b8   Zero   RW         8105    .bss                cmsis_os2.o
    0x20002f50        -       0x00003c00   Zero   RW         8567    .bss                heap_4.o
    0x20006b50        -       0x0000040c   Zero   RW         8931    .bss                air724.o
    0x20006f5c        -       0x0000080c   Zero   RW         8980    .bss                ringbuffer.o
    0x20007768        -       0x00000060   Zero   RW         9175    .bss                c_w.l(libspace.o)
    0x200077c8        -       0x00000200   Zero   RW            2    HEAP                startup_stm32h743xx.o
    0x200079c8        -       0x00000400   Zero   RW            1    STACK               startup_stm32h743xx.o



  Load Region LR$$.ARM.__AT_0x080C0000 (Base: 0x080c0000, Size: 0x00000000, Max: 0x00020000, ABSOLUTE)

    Execution Region ER$$.ARM.__AT_0x080C0000 (Exec base: 0x080c0000, Load base: 0x080c0000, Size: 0x00020000, Max: 0x00020000, ABSOLUTE, UNINIT)

    Exec Addr    Load Addr    Size         Type   Attr      Idx    E Section Name        Object

    0x080c0000        -       0x00020000   Zero   RW         9035    .ARM.__AT_0x080C0000  flash.o



  Load Region LR$$.ARM.__AT_0x24000000 (Base: 0x24000000, Size: 0x00000000, Max: 0x00080000, ABSOLUTE)

    Execution Region ER$$.ARM.__AT_0x24000000 (Exec base: 0x24000000, Load base: 0x24000000, Size: 0x00080000, Max: 0x00080000, ABSOLUTE, UNINIT)

    Exec Addr    Load Addr    Size         Type   Attr      Idx    E Section Name        Object

    0x24000000        -       0x00080000   Zero   RW           19    .ARM.__AT_0x24000000  main.o



  Load Region LR$$.ARM.__AT_0xC0000000 (Base: 0xc0000000, Size: 0x00000000, Max: 0x0000000c, ABSOLUTE)

    Execution Region ER$$.ARM.__AT_0xC0000000 (Exec base: 0xc0000000, Load base: 0xc0000000, Size: 0x0000000c, Max: 0x0000000c, ABSOLUTE, UNINIT)

    Exec Addr    Load Addr    Size         Type   Attr      Idx    E Section Name        Object

    0xc0000000        -       0x0000000a   Zero   RW           20    .ARM.__AT_0xC0000000  main.o


==============================================================================

Image component sizes


      Code (inc. data)   RO Data    RW Data    ZI Data      Debug   Object Name

      2568        660          0          0       1036       5708   air724.o
       430         38          0          4       1720      71059   cmsis_os2.o
       560         46          0          0        200       2212   dcmi.o
        52          4          0          0          0        914   dma.o
         0          0          0          0          0      19444   event_groups.o
       672         60          0          0     131072      10539   flash.o
       458         42          0          8         52       2652   fmc.o
      3780        476        240         35          0      12957   freertos.o
       356         16          0          0          0       1315   gpio.o
       736         80          0         32      15360       5618   heap_4.o
       148          0          0          0          0       3734   list.o
       876         54          0         88     524814    1395822   main.o
      1596         94        794         10          0       9234   ov2640.o
      1014         92          0         12          0      11897   port.o
      1922         20          0          0         64      17632   queue.o
       238          0          0          0       2060       4902   ringbuffer.o
       152          8          0          0          0       1933   sdram.o
        64         26        664          0       1536        852   startup_stm32h743xx.o
       184         38          0          9          0      22789   stm32h7xx_hal.o
       526         44          0          0          0      42362   stm32h7xx_hal_cortex.o
      1206         24          0          0          0       9812   stm32h7xx_hal_dcmi.o
      8670        168          8          0          0      14025   stm32h7xx_hal_dma.o
      1780         40          0          0          0       3773   stm32h7xx_hal_dma_ex.o
       724         72          0          0         28      14634   stm32h7xx_hal_flash.o
       572         32          0          0          0       2925   stm32h7xx_hal_flash_ex.o
       912        100          0          0          0       3837   stm32h7xx_hal_gpio.o
        48          6          0          0          0        954   stm32h7xx_hal_msp.o
      3650         16          0          0          0      14084   stm32h7xx_hal_pcd.o
       130          4          0          0          0       3249   stm32h7xx_hal_pcd_ex.o
       116         12          0          0          0       1358   stm32h7xx_hal_pwr_ex.o
      3748        124          0          0          0       7741   stm32h7xx_hal_rcc.o
      5300        108          0          0          0       7453   stm32h7xx_hal_rcc_ex.o
       212          4          0          0          0       2948   stm32h7xx_hal_sdram.o
      3116        278          0          0          0      18388   stm32h7xx_hal_tim.o
       210         30          0          0          0       3300   stm32h7xx_hal_tim_ex.o
       148         20          0          0         76       1628   stm32h7xx_hal_timebase_tim.o
      5784        204         24          0          0      39368   stm32h7xx_hal_uart.o
       360         10         16          0          0       5614   stm32h7xx_hal_uart_ex.o
       102         30          0          0          0       5380   stm32h7xx_it.o
       314          4          0          0          0       4312   stm32h7xx_ll_fmc.o
      3890        100          0          0          0      23144   stm32h7xx_ll_usb.o
         0          0          0          0          0        392   stream_buffer.o
       252         40         16          8          0       1434   system_stm32h7xx.o
      2808        346          0         60       1220      27750   tasks.o
       292         16          0          0         76       2544   tim.o
      1318        124          0         20        280      33103   timers.o
       472         64          0          1        148       3302   usart.o
        80         16          0          0        732        800   usb_device.o
      1782         54          0        138          0      14529   usbd_cdc.o
       220         26          0         20       4096       4520   usbd_cdc_if.o
      1028         34          0          0       1836      17996   usbd_conf.o
      1354          0          0          0          0      16837   usbd_core.o
      2396         22          0          1          0      18232   usbd_ctlreq.o
       386        122          0         94        512       7157   usbd_desc.o
       174          0          0          0          0       4888   usbd_ioreq.o

    ----------------------------------------------------------------------
     69946       4048       1794        556     686920    1984986   Object Totals
         0          0         32          0          0          0   (incl. Generated)
        60          0          0         16          2          0   (incl. Padding)

    ----------------------------------------------------------------------

      Code (inc. data)   RO Data    RW Data    ZI Data      Debug   Library Member Name

        90          0          0          0          0          0   __dczerorl2.o
         8          0          0          0          0         68   __main.o
       312          4         17          0          0         92   __printf_flags_wp.o
        14          0          0          0          0         68   __printf_wp.o
         0          0          0          0          0          0   __rtentry.o
        12          0          0          0          0          0   __rtentry2.o
         6          0          0          0          0          0   __rtentry4.o
        52          8          0          0          0          0   __scatter.o
        28          0          0          0          0          0   __scatter_zi.o
        28          0          0          0          0         68   _chval.o
        44          0          0          0          0        108   _printf_char.o
        48          6          0          0          0         96   _printf_char_common.o
         6          0          0          0          0          0   _printf_d.o
       120         16          0          0          0         92   _printf_dec.o
       178          0          0          0          0         88   _printf_intcommon.o
        78          0          0          0          0        108   _printf_pad.o
         0          0          0          0          0          0   _printf_percent.o
         4          0          0          0          0          0   _printf_percent_end.o
         6          0          0          0          0          0   _printf_s.o
        82          0          0          0          0         80   _printf_str.o
        10          0          0          0          0         68   _sputc.o
       158          0          0          0          0         92   _strtoul.o
        16          0          0          0          0         68   aeabi_memset.o
        26          0          0          0          0         80   atoi.o
        18          0          0          0          0         80   exit.o
         6          0          0          0          0        152   heapauxi.o
         0          0          0          0          0          0   indicate_semi.o
        44         10        272          0          0         76   lc_ctype_c.o
         2          0          0          0          0          0   libinit.o
        24          0          0          0          0          0   libinit2.o
         2          0          0          0          0          0   libshutdown.o
         2          0          0          0          0          0   libshutdown2.o
         8          4          0          0         96         68   libspace.o
       238          0          0          0          0        100   lludivv7m.o
        40          6          0          0          0         84   noretval__2sprintf.o
        16          4          0          0          0         76   rt_ctype_table.o
         8          4          0          0          0         68   rt_errno_addr_intlibspace.o
         8          4          0          0          0         68   rt_locale_intlibspace.o
        68          0          0          0          0         68   rt_memclr.o
        78          0          0          0          0         80   rt_memclr_w.o
       138          0          0          0          0         68   rt_memcpy_v6.o
       100          0          0          0          0         80   rt_memcpy_w.o
         2          0          0          0          0          0   rtexit.o
        10          0          0          0          0          0   rtexit2.o
       104          0          0          0          0         68   strcmpv7m_pel.o
        62          0          0          0          0         76   strlen.o
        36          0          0          0          0         80   strstr.o
       112          0          0          0          0         88   strtol.o
        12          4          0          0          0         68   sys_exit.o
        74          0          0          0          0         80   sys_stackheap_outer.o
        18          0          0          0          0         76   sys_time.o
         2          0          0          0          0         68   use_no_semi.o
        10          0          0          0          0        116   fpinit.o

    ----------------------------------------------------------------------
      2578         70        290          0         96       2964   Library Totals
        10          0          1          0          0          0   (incl. Padding)

    ----------------------------------------------------------------------

      Code (inc. data)   RO Data    RW Data    ZI Data      Debug   Library Name

      2558         70        289          0         96       2848   c_w.l
        10          0          0          0          0        116   fz_wv.l

    ----------------------------------------------------------------------
      2578         70        290          0         96       2964   Library Totals

    ----------------------------------------------------------------------

==============================================================================


      Code (inc. data)   RO Data    RW Data    ZI Data      Debug   

     72524       4118       2084        556     687016    1944138   Grand Totals
     72524       4118       2084        200     687016    1944138   ELF Image Totals (compressed)
     72524       4118       2084        200          0          0   ROM Totals

==============================================================================

    Total RO  Size (Code + RO Data)                74608 (  72.86kB)
    Total RW  Size (RW Data + ZI Data)            687572 ( 671.46kB)
    Total ROM Size (Code + RO Data + RW Data)      74808 (  73.05kB)

==============================================================================

